Script started on 2026-03-12 11:12:38+00:00 [TERM="xterm-256color" TTY="/dev/pts/0" COLUMNS="80" LINES="28"]
[?2004h]0;root@eltex-practice2-pg2-v2: ~root@eltex-practice2-pg2-v2:~# logouts -l  ~/.ssh/cat ~/.ssh/authorized_keys
[?2004lssh-rsa AAAAB3NzaC1yc2EAAAADAQABAAABgQCopScREdiJNbK4JNAeTW8/Ajg/tztl483Hx6ZjEXOtNGXDl6qPmwUi6BdnG5pvEvfRPWgYmA8SFg9imoiL2B47n5ANMc+6Q/3MAsimxbIR3k7O/kPMGHQz7YLfq9QVWaqhTeJ/U1KTBn/t59cPXdxMZEOLxxJd1fhN1oJBQPb8NWwpLfJbQeKGLrpsIupAEclXGDvM/BIB5EHCjPv7qGe5yg52q0qlYFRnt1yCsLfaErNh06ckU4BghZD7qssmcagq/tZ0rFMDLGPCyPVTHBuwkUXiAXEybZ/TumfV3M1hr8KgnZXgepokBH7xVzhkxxH5GW46BmYuRSjJjDG10YmODkXUklpJ5vw1nrt1w6FO9fFZ+JreYRLXU1RTSwFv65J8kAx3VESzhHHZpX+8C3bXKtCmRvA/iMIDLXXMIyzjxkuIcKawzpDh9EOz0c2PbyApg5aTer7c7RYpvX+ra8+ReQFQuJC1sWZhSh9ZgymWYYHV4/Y/lyYD7WesM1Vhg1c= eltex-pg2-v2@eltex-2026-spring
[?2004h]0;root@eltex-practice2-pg2-v2: ~root@eltex-practice2-pg2-v2:~# cat ~/.ssh/authorized_keyslogout[Kcat ~/.ssh/authorized_keys[Kcat ~/.ssh/authorized_keyslogout[Ks -l  ~/.ssh/cat ~/.ssh/authorized_keys[12Pls -l  ~/.ssh/
[?2004ltotal 4
-rw------- 1 root root 584 Mar 12 10:41 authorized_keys
[?2004h]0;root@eltex-practice2-pg2-v2: ~root@eltex-practice2-pg2-v2:~# ls
[?2004lpractice2_root_part1.log
[?2004h]0;root@eltex-practice2-pg2-v2: ~root@eltex-practice2-pg2-v2:~# useradd -m -s shell/bin/bash user1
[?2004luseradd: invalid shell 'shell/bin/bash'
[?2004h]0;root@eltex-practice2-pg2-v2: ~root@eltex-practice2-pg2-v2:~# useradd -m -s shell/bin/bash user1[1P[1P[1P[1P[1P[1P
[?2004luseradd: invalid shell 'bin/bash'
[?2004h]0;root@eltex-practice2-pg2-v2: ~root@eltex-practice2-pg2-v2:~# useradd -m -s bin/bash user1[1@/
[?2004l[?2004h]0;root@eltex-practice2-pg2-v2: ~root@eltex-practice2-pg2-v2:~# user1[K[K[K[K[Kpasswd uaer1[K[K[K[Kser1
[?2004lNew password: 
Retype new password: 
passwd: password updated successfully
[?2004h]0;root@eltex-practice2-pg2-v2: ~root@eltex-practice2-pg2-v2:~# add user2[K[K[K[K[K[Kuser user2
[?2004linfo: Adding user `user2' ...
info: Selecting UID/GID from range 1000 to 59999 ...
info: Adding new group `user2' (1002) ...
info: Adding new user `user2' (1002) with group `user2 (1002)' ...
info: Creating home directory `/home/user2' ...
info: Copying files from `/etc/skel' ...
New password: 
Retype new password: 
No password has been supplied.
New password: 
Retype new password: 
No password has been supplied.
New password: 
Retype new password: 
No password has been supplied.
passwd: Authentication token manipulation error
passwd: password unchanged
Try again? [y/N] 
Changing the user information for user2
Enter the new value, or press ENTER for the default
	Full Name []: 
	Room Number []: 
	Work Phone []: 
	Home Phone []: 
	Other []: 

Is the information correct? [Y/n] info: Adding new user `user2' to supplemental / extra groups `users' ...
info: Adding user `user2' to group `users' ...

[?2004h]0;root@eltex-practice2-pg2-v2: ~root@eltex-practice2-pg2-v2:~# 
[?2004l[?2004h]0;root@eltex-practice2-pg2-v2: ~root@eltex-practice2-pg2-v2:~# ad[K[Kadduser user3
[?2004linfo: Adding user `user3' ...
info: Selecting UID/GID from range 1000 to 59999 ...
info: Adding new group `user3' (1003) ...
info: Adding new user `user3' (1003) with group `user3 (1003)' ...
info: Creating home directory `/home/user3' ...
info: Copying files from `/etc/skel' ...
New password: 
Retype new password: 
No password has been supplied.
New password: 
Retype new password: 
No password has been supplied.
New password: 
Retype new password: 
No password has been supplied.
passwd: Authentication token manipulation error
passwd: password unchanged
Try again? [y/N] 
Changing the user information for user3
Enter the new value, or press ENTER for the default
	Full Name []: 
	Room Number []: 
	Work Phone []: 
	Home Phone []: 
	Other []: 
Is the information correct? [Y/n] 
info: Adding new user `user3' to supplemental / extra groups `users' ...
info: Adding user `user3' to group `users' ...
[?2004h]0;root@eltex-practice2-pg2-v2: ~root@eltex-practice2-pg2-v2:~# 
[?2004l[?2004h]0;root@eltex-practice2-pg2-v2: ~root@eltex-practice2-pg2-v2:~# usre[K[Kermod -s /г[Kuser/sbin/m[Knologin user3
[?2004lusermod: Warning: missing or non-executable shell '/user/sbin/nologin'
[?2004h]0;root@eltex-practice2-pg2-v2: ~root@eltex-practice2-pg2-v2:~# su user3
[?2004lsu: failed to execute /user/sbin/nologin: No such file or directory
[?2004h]0;root@eltex-practice2-pg2-v2: ~root@eltex-practice2-pg2-v2:~# su -s /bin/bash user3
[?2004l[?2004h]0;user3@eltex-practice2-pg2-v2: /root[01;32muser3@eltex-practice2-pg2-v2[00m:[01;34m/root[00m$ whoami
[?2004luser3
[?2004h]0;user3@eltex-practice2-pg2-v2: /root[01;32muser3@eltex-practice2-pg2-v2[00m:[01;34m/root[00m$ logout
[?2004lbash: logout: not login shell: use `exit'
[?2004h]0;user3@eltex-practice2-pg2-v2: /root[01;32muser3@eltex-practice2-pg2-v2[00m:[01;34m/root[00m$ exit
[?2004lexit
[?2004h]0;root@eltex-practice2-pg2-v2: ~root@eltex-practice2-pg2-v2:~# gropadd[K[K[K[Kup
groupadd   groupdel   groupmems  groupmod   groups     
]0;root@eltex-practice2-pg2-v2: ~root@eltex-practice2-pg2-v2:~# groupadd mew
[?2004l[?2004h]0;root@eltex-practice2-pg2-v2: ~root@eltex-practice2-pg2-v2:~# grep/[K mew /etc/gro
groff/  group   group-  
]0;root@eltex-practice2-pg2-v2: ~root@eltex-practice2-pg2-v2:~# grep mew /etc/group
[?2004l[01;31m[Kmew[m[K:x:1004:
[?2004h]0;root@eltex-practice2-pg2-v2: ~root@eltex-practice2-pg2-v2:~# гы[K[Kusermod -aG mew user1
[?2004l[?2004h]0;root@eltex-practice2-pg2-v2: ~root@eltex-practice2-pg2-v2:~# usermod -aG mew user1[K2
[?2004l[?2004h]0;root@eltex-practice2-pg2-v2: ~root@eltex-practice2-pg2-v2:~# usermod -aG mew user2[K3[K3
[?2004l[?2004h]0;root@eltex-practice2-pg2-v2: ~root@eltex-practice2-pg2-v2:~# usermod -aG mew user321[2Pgrep mew /etc/group
[?2004l[01;31m[Kmew[m[K:x:1004:user1,user2,user3
[?2004h]0;root@eltex-practice2-pg2-v2: ~root@eltex-practice2-pg2-v2:~# пкщг[K[K[K[Kgri[Koups user1
[?2004luser1 : user1 mew
[?2004h]0;root@eltex-practice2-pg2-v2: ~root@eltex-practice2-pg2-v2:~# groups user1[K2
[?2004luser2 : user2 users mew
[?2004h]0;root@eltex-practice2-pg2-v2: ~root@eltex-practice2-pg2-v2:~# groups user2[K3
[?2004luser3 : user3 users mew
[?2004h]0;root@eltex-practice2-pg2-v2: ~root@eltex-practice2-pg2-v2:~# exit
[?2004lexit

Script done on 2026-03-12 11:37:20+00:00 [COMMAND_EXIT_CODE="0"]
Script started on 2026-03-16 07:05:49+00:00 [TERM="xterm-256color" TTY="/dev/pts/0" COLUMNS="80" LINES="24"]
[?2004h]0;root@eltex-practice2-pg2-v2: ~root@eltex-practice2-pg2-v2:~# ь[Kmkdir /opt/share
[?2004l[?2004h]0;root@eltex-practice2-pg2-v2: ~root@eltex-practice2-pg2-v2:~# ls
[?2004lpractice2_root_part1.log
[?2004h]0;root@eltex-practice2-pg2-v2: ~root@eltex-practice2-pg2-v2:~# chgrp pra[K[K[Kmew /p[Kopt.[K/share
[?2004l[?2004h]0;root@eltex-practice2-pg2-v2: ~root@eltex-practice2-pg2-v2:~# ls -ld /p[Kopt [K/share
[?2004ldrwxr-xr-x 2 root mew 4096 Mar 16 07:07 [0m[01;34m/opt/share[0m
[?2004h]0;root@eltex-practice2-pg2-v2: ~root@eltex-practice2-pg2-v2:~# срьщв [K[K[K[K[K[Kchmod d+[K[Kg=[K+rwx /opt/share/
[?2004l[?2004h]0;root@eltex-practice2-pg2-v2: ~root@eltex-practice2-pg2-v2:~# chmod g+s /opt/share/
[?2004l[?2004h]0;root@eltex-practice2-pg2-v2: ~root@eltex-practice2-pg2-v2:~# ls -ld /opt/share/
[?2004ldrwxrwsr-x 2 root mew 4096 Mar 16 07:07 [0m[01;34m/opt/share/[0m
[?2004h]0;root@eltex-practice2-pg2-v2: ~root@eltex-practice2-pg2-v2:~# vim /home/user1/.bashrc
[?2004l[?1049h[22;0;0t[>4;2m[?1h=[?2004h[?1004h[1;24r[?12h[?12l[22;2t[22;1t[27m[23m[29m[m[H[2J[?25l[24;1H"/home/user1/.bashrc" 117L, 3771B[2;1H▽[6n[2;1H  [3;1HPzz\[0%m[6n[3;1H           [1;1H[>c]10;?]11;?[1;1H[34m# ~/.bashrc: executed by bash(1) for non-login shells.
# see /usr/share/doc/bash/examples/startup-files (in the package bash-doc)[m[2;75H[K[3;1H[34m# for examples[m[3;15H[K[5;1H[34m# If not running interactively, don't do anything[m
[38;5;130mcase[m [35m$-[m [38;5;130min[m
    *i*[38;5;130m)[m [38;5;130m;;[m[8;7H*[38;5;130m)[m [38;5;130mreturn;;
esac[m

[34m# don't put duplicate lines or lines starting with space in the history.
# See bash(1) for more options[m
[36mHISTCONTROL[m=ignoreboth

[34m# append to the history file, don't overwrite it[m
shopt [35m-s[m histappend

[34m# for setting history length see HISTSIZE and HISTFILESIZE in bash(1)[m
[36mHISTSIZE[m=[31m1000[m
[36mHISTFILESIZE[m=[31m2000[m

[34m# check the window size after each command and, if necessary,
# update the values of LINES and COLUMNS.[m[24;63H1,1[11CTop[1;1H[?25h[?4mP+q436f\P+q6b75\P+q6b64\P+q6b72\P+q6b6c\P+q2332\P+q2334\P+q2569\P+q2a37\P+q6b31\P$q q\[?12$p[?25l[24;53H0[1;1H[24;54H3[1;1H[24;55H0[1;1H[24;56H/[1;1H[24;57H0[1;1H[24;58Ha[1;1H[24;59H0[1;1H[24;60Ha[1;1H[24;61H/[1;1H[24;62H2[1;1H[24;53H          [1;1H[27m[23m[29m[m[H[2J[1;1H[96m# ~/.bashrc: executed by bash(1) for non-login shells.
# see /usr/share/doc/bash/examples/startup-files (in the package bash-doc)
# for examples

# If not running interactively, don't do anything[m
[93mcase[m [38;5;81m$-[m [93min[m
    *i*[93m)[m [93m;;[m[8;7H*[93m)[m [93mreturn;;
esac[m

[96m# don't put duplicate lines or lines starting with space in the history.
# See bash(1) for more options[m
[1m[96mHISTCONTROL[m=ignoreboth

[96m# append to the history file, don't overwrite it[m
shopt [38;5;224m-s[m histappend

[96m# for setting history length see HISTSIZE and HISTFILESIZE in bash(1)[m
[1m[96mHISTSIZE[m=[95m1000[m
[1m[96mHISTFILESIZE[m=[95m2000[m

[96m# check the window size after each command and, if necessary,
# update the values of LINES and COLUMNS.[m[24;63H1,1[11CTop"/home/user1/.bashrc" 117L, 3771B[1;1H[?25h[?25l[24;53H~@k[1;1H[24;53H   [1;1H[?25h[?25l[24;53H~@k[1;1H[24;53H   [1;1H[?25h[?25l[24;53H~@k[1;1H[24;53H   [1;1H[?25h[?25l[24;53H~@k[1;1H[24;53H   [1;1H[?25h[?25l[24;53H~@k[1;1H[24;53H   [1;1H[?25h[?25l[24;63H2[2;1H[?25h[?25l[24;63H3[3;1H[?25h[?25l[24;53H~@k[3;1H[24;53H   [4;1H[24;63H4,0-1[4;1H[?25h[?25l[24;63H5,1  [5;1H[?25h[?25l[24;63H6[6;1H[?25h[?25l[24;63H7[7;1H[?25h[?25l[24;63H8[8;1H[?25h[?25l[24;63H9[9;1H[?25h[?25l[24;53H~@k[9;1H[24;53H   [10;1H[24;63H10,0-1[10;1H[?25h[?25l[24;64H1,1  [11;1H[?25h[?25l[24;64H2[12;1H[?25h[?25l[24;53H~@k[12;1H[24;53H   [13;1H[24;64H3[13;1H[?25h[?25l[24;64H4,0-1[14;1H[?25h[?25l[24;64H5,1  [15;1H[?25h[?25l[24;53H~@k[15;1H[24;53H   [16;1H[24;64H6[16;1H[?25h[?25l[24;53Hi[16;1H[24;53H [16;1H[24;1H[1m-- INSERT --[m[24;13H[K[24;63H16,1[10CTop[16;1H[?25h[?25l[24;64H7[17;1H[?25h[?25l[24;64H8[18;1H[?25h[?25l[1;23r[23;1H
[1;24r[23;1Hshopt [38;5;224m-s[m checkwinsize[24;63H[K[24;63H19,1[11C1%[18;1H[?25h[?25l[1;23r[23;1H
[1;24r[24;63H[K[24;63H20,1[11C2%[18;1H[?25h[?25l[1;23r[23;1H
[1;24r[23;1H[96m# If set, the pattern "**" used in a pathname expansion context will[m[24;63H[K[24;63H21,1[11C3%[18;1H[?25h[?25l[1;23r[23;1H
[1;24r[23;1H[96m# match all files and zero or more directories and subdirectories.[m[24;63H[K[24;63H22,1[11C4%[18;1H[?25h[?25l[1;23r[23;1H
[1;24r[23;1H[96m#shopt -s globstar[m[24;63H[K[24;63H23,1[11C5%[18;1H[?25h[?25l[1;23r[23;1H
[1;24r[24;63H[K[24;63H24,1[11C6%[18;1H[?25h[?25l[1;23r[23;1H
[1;24r[23;1H[96m# make less more friendly for non-text input files, see lesspipe(1)[m[24;63H[K[24;63H25,1[11C7%[18;1H[?25h[?25l[1;23r[23;1H
[1;24r[23;1H[93m[[m [93m-x[m /usr/bin/lesspipe [93m][m && [93meval[m [93m"[m[38;5;81m$(SHELL[m[93m=[m[38;5;224m/bin/sh lesspipe[m[38;5;81m)[m[93m"[m[24;63H[K[24;63H26,1[11C8%[18;1H[?25h[?25l[1;23r[23;1H
[1;24r[24;63H[K[24;63H27,1[11C9%[18;1H[?25h[?25l[1;23r[23;1H
[1;24r[23;1H[96m# set variable identifying the chroot you work in (used in the prompt below)[m[24;63H[K[24;63H28,1[10C10%[18;1H[?25h[?25l[1;23r[23;1H
[1;24r[23;1H[93mif [[m [93m-z[m [93m"[m[38;5;81m${debian_chroot[m[93m:-[m[38;5;81m}[m[93m"[m [93m][m [93m&&[m [93m[[m [93m-r[m /etc/debian_chroot [93m];[m [93mthen[m[24;63H[K[24;63H29,1[10C11%[18;1H[?25h[?25l[1;23r[23;1H
[1;24r[23;5H[1m[96mdebian_chroot[m=[38;5;81m$([m[93mcat[m[38;5;224m /etc/debian_chroot[m[38;5;81m)[m[24;63H[K[24;63H30,1[10C12%[18;1H[?25h[?25l[1;23r[23;1H
[1;24r[23;1H[93mfi[m[24;63H[K[24;63H31,1[10C13%[18;1H[93m[46m[[22C][?25h[?25l[1;23r[m[23;1H
[1;24r[24;63H[K[24;63H32,1[10C14%[17;1H[93m[[22C]
[?25h[?25l[1;23r[m[23;1H
[1;24r[23;1H[96m# set a fancy prompt (non-color, unless we know we "want" color)[m[24;63H[K[24;63H33,1[10C15%[18;1H[?25h[?25l[1;23r[23;1H
[1;24r[23;1H[93mcase[m [93m"[m[38;5;81m$TERM[m[93m"[m [93min[m[24;63H[K[24;63H34,1[10C17%[18;1H[?25h[?25l[1;23r[23;1H
[1;24r[23;5Hxterm-color|*-256color[93m)[m [1m[96mcolor_prompt[m=yes[93m;;[m[24;63H[K[24;63H35,1[10C18%[18;1H[?25h[?25l[1;23r[23;1H
[1;24r[23;1H[93mesac[m[24;63H[K[24;63H36,1[10C19%[18;1H[?25h[?25l[1;23r[23;1H
[1;24r[24;63H[K[24;63H37,1[10C20%[18;1H[?25h[?25l[1;23r[23;1H
[1;24r[23;1H[96m# uncomment for a colored prompt, if the terminal has the capability; turned[m[24;63H[K[24;63H38,1[10C21%[18;1H[?25h[?25l[1;23r[23;1H
[1;24r[23;1H[96m# off by default to not distract the user: the focus in a terminal window[m[24;63H[K[24;63H39,1[10C22%[18;1H[?25h[?25l[1;23r[23;1H
[1;24r[23;1H[96m# should be on the output of commands, not on the prompt[m[24;63H[K[24;63H40,1[10C23%[18;1H[?25h[?25l[1;23r[23;1H
[1;24r[23;1H[96m#force_color_prompt=yes[m[24;63H[K[24;63H41,1[10C24%[18;1H[?25h[?25l[1;23r[23;1H
[1;24r[24;63H[K[24;63H42,1[10C25%[18;1H[?25h[?25l[1;23r[23;1H
[1;24r[23;1H[93mif [[m [93m-n[m [93m"[m[38;5;81m$force_color_prompt[m[93m"[m [93m];[m [93mthen[m[24;63H[K[24;63H43,1[10C26%[18;1H[?25h[?25l[1;23r[23;1H
[1;24r[23;5H[93mif [[m [93m-x[m /usr/bin/tput [93m][m [93m&&[m [93mtput[m setaf [95m1[m [93m>&[m/dev/null[93m;[m [93mthen[m[24;63H[K[24;63H44,1[10C27%[18;1H[?25h[?25l[1;23r[23;1H
[1;24r[23;9H[96m# We have color support; assume it's compliant with Ecma-48[m[24;63H[K[24;63H45,1[10C28%[18;1H[?25h[?25l[1;23r[23;1H
[1;24r[23;9H[96m# (ISO/IEC-6429). (Lack of such support is extremely rare, and such[m[24;63H[K[24;63H46,1[10C29%[18;1H[?25h[?25l[1;23r[23;1H
[1;24r[23;9H[96m# a case would tend to support setf rather than setaf.)[m[24;63H[K[24;63H47,1[10C30%[18;1H[?25h[?25l[1;23r[23;1H
[1;24r[23;9H[1m[96mcolor_prompt[m=yes[24;63H[K[24;63H48,1[10C31%[18;1H[?25h[?25l[1;23r[23;1H
[1;24r[23;5H[93melse[m[24;63H[K[24;63H49,1[10C32%[18;1H[?25h[?25l[1;23r[23;1H
[1;24r[23;9H[1m[96mcolor_prompt[m=[24;63H[K[24;63H50,1[10C34%[18;1H[?25h[?25l[1;23r[23;1H
[1;24r[23;5H[93mfi[m[24;63H[K[24;63H51,1[10C35%[18;1H[?25h[?25l[1;23r[23;1H
[1;24r[23;1H[93mfi[m[24;63H[K[24;63H52,1[10C36%[18;1H[?25h[?25l[1;23r[23;1H
[1;24r[24;63H[K[24;63H53,1[10C37%[18;1H[?25h[?25l[1;23r[23;1H
[1;24r[23;1H[93mif [[m [93m"[m[38;5;81m$color_prompt[m[93m"[m [93m=[m [95myes[m [93m];[m [93mthen[m[24;63H[K[24;63H54,1[10C38%[18;1H[?25h[?25l[1;23r[1;1H[2M[1;24r[22;5H[38;5;81mPS1[m[93m='[m[95m${debian_chroot:+($debian_chroot)}\[\033[01;32m\]\u@\h\[\033[00m\]:\[\00[23;1H33[01;34m\]\w\[\033[00m\]\$ [m[93m'[m[24;63H[K[24;63H55,1[10C40%[17;1H[?25h[?25l[24;64H6[18;1H[?25h[?25l[1;23r[23;1H
[1;24r[23;1H[93melse[m[24;63H[K[24;63H57,1[10C41%[18;1H[?25h[?25l[1;23r[23;1H
[1;24r[23;5H[38;5;81mPS1[m[93m='[m[95m${debian_chroot:+($debian_chroot)}\u@\h:\w\$ [m[93m'[m[24;63H[K[24;63H58,1[10C42%[18;1H[?25h[?25l[1;23r[23;1H
[1;24r[23;1H[93mfi[m[24;63H[K[24;63H59,1[10C43%[18;1H[?25h[?25l[1;23r[1;1H[2M[1;24r[22;1H[93munset[m[1m[96m color_prompt force_color_prompt[m[24;63H[K[24;63H60,1[10C45%[17;1H[?25h[?25l[1;23r[23;1H
[1;24r[23;1H[96m# If this is an xterm set the title to user@host:dir[m[24;63H[K[24;63H61,1[10C46%[18;1H[?25h[?25l[1;23r[23;1H
[1;24r[23;1H[93mcase[m [93m"[m[38;5;81m$TERM[m[93m"[m [93min[m[24;63H[K[24;63H62,1[10C47%[18;1H[?25h[?25l[1;23r[23;1H
[1;24r[23;1Hxterm*|rxvt*[93m)[m[24;63H[K[24;63H63,1[10C48%[18;1H[?25h[?25l[1;23r[23;1H
[1;24r[23;5H[38;5;81mPS1[m[93m="[m[38;5;224m\[\e[m[95m]0;[m[38;5;81m${debian_chroot[m[93m:+[m([38;5;81m$debian_chroot[m)[38;5;81m}[m[38;5;224m\u[m[95m@[m[38;5;224m\h[m[95m: [m[38;5;224m\w\a\][m[38;5;81m$PS1[m[93m"[m[24;63H[K[24;63H64,1[10C49%[18;1H[?25h[?25l[1;23r[23;1H
[1;24r[23;5H[93m;;[m[24;63H[K[24;63H65,1[10C50%[18;1H[?25h[?25l[1;23r[23;1H
[1;24r[23;1H*[93m)[m[24;63H[K[24;63H66,1[10C51%[18;1H[?25h[?25l[1;23r[23;1H
[1;24r[23;5H[93m;;[m[24;63H[K[24;63H67,1[10C52%[18;1H[?25h[?25l[1;23r[23;1H
[1;24r[23;1H[93mesac[m[24;63H[K[24;63H68,1[10C53%[18;1H[?25h[?25l[1;23r[23;1H
[1;24r[24;63H[K[24;63H69,1[10C54%[18;1H[?25h[?25l[1;23r[23;1H
[1;24r[23;1H[96m# enable color support of ls and also add handy aliases[m[24;63H[K[24;63H70,1[10C55%[18;1H[?25h[?25l[1;23r[23;1H
[1;24r[23;1H[93mif [[m [93m-x[m /usr/bin/dircolors [93m];[m [93mthen[m[24;63H[K[24;63H71,1[10C56%[18;1H[?25h[?25l[1;23r[1;1H[2M[1;24r[22;5H[93mtest[m [93m-r[m ~/.dircolors [93m&&[m [93meval[m [93m"[m[38;5;81m$([m[38;5;224mdircolors -b ~/.dircolors[m[38;5;81m)[m[93m"[m [93m||[m [93meval[m [93m"[m[38;5;81m$([m[38;5;224mdircoo[23;1Hlors -b[m[38;5;81m)[m[93m"[m[24;63H[K[24;63H72,1[10C58%[17;1H[?25h[?25l[24;64H3[18;1H[?25h[?25l[1;23r[23;1H
[1;24r[23;5H[93malias [m[1m[96mls[m[93m='[m[95mls --color=auto[m[93m'[m[24;63H[K[24;63H74,1[10C59%[18;1H[?25h[?25l[1;23r[23;1H
[1;24r[23;5H[96m#alias dir='dir --color=auto'[m[24;63H[K[24;63H75,1[10C60%[18;1H[?25h[?25l[1;23r[23;1H
[1;24r[23;5H[96m#alias vdir='vdir --color=auto'[m[24;63H[K[24;63H76,1[10C61%[18;1H[?25h[?25l[1;23r[1;1H[2M[1;24r[23;5H[93malias [m[1m[96mgrep[m[93m='[m[95mgrep --color=auto[m[93m'[m[24;63H[K[24;63H77,1[10C63%[17;1H[?25h[?25l[1;23r[23;1H
[1;24r[23;5H[93malias [m[1m[96mfgrep[m[93m='[m[95mfgrep --color=auto[m[93m'[m[24;63H[K[24;63H78,1[10C64%[18;1H[?25h[?25l[1;23r[23;1H
[1;24r[23;5H[93malias [m[1m[96megrep[m[93m='[m[95megrep --color=auto[m[93m'[m[24;63H[K[24;63H79,1[10C65%[18;1H[?25h[?25l[1;23r[23;1H
[1;24r[23;1H[93mfi[m[24;63H[K[24;63H80,1[10C66%[18;1H[?25h[?25l[1;23r[23;1H
[1;24r[24;63H[K[24;63H81,1[10C67%[18;1H[?25h[?25l[1;23r[23;1H
[1;24r[23;1H[96m# colored GCC warnings and errors[m[24;63H[K[24;63H82,1[10C68%[18;1H[?25h[?25l[1;23r[1;1H[2M[1;24r[22;1H[96m#export GCC_COLORS='error=01;31:warning=01;35:note=01;36:caret=01;32:locus=01:quu[23;1Hote=01'[m[24;63H[K[24;63H83,1[10C69%[17;1H[?25h[?25l[24;64H4[18;1H[?25h[?25l[1;23r[23;1H
[1;24r[24;63H[K[24;63H85,1[10C70%[18;1H[?25h[?25l[1;23r[23;1H
[1;24r[23;1H[96m# some more ls aliases[m[24;63H[K[24;63H86,1[10C71%[18;1H[?25h[?25l[1;23r[23;1H
[1;24r[23;1H[93malias [m[1m[96mll[m[93m='[m[95mls -alF[m[93m'[m[24;63H[K[24;63H87,1[10C72%[18;1H[?25h[?25l[1;23r[1;1H[2M[1;24r[22;1H[93malias [m[1m[96mla[m[93m='[m[95mls -A[m[93m'
alias [m[1m[96ml[m[93m='[m[95mls -CF[m[93m'[m[24;63H[K[24;63H88,1[10C75%[17;1H[?25h[?25l[1;23r[23;1H
[1;24r[24;63H[K[24;63H89,1[10C76%[18;1H[?25h[?25l[1;23r[23;1H
[1;24r[23;1H[96m# Add an "alert" alias for long running commands.  Use like so:[m[24;63H[K[24;63H90,1[10C77%[18;1H[?25h[?25l[1;23r[23;1H
[1;24r[23;1H[96m#   sleep 10; alert[m[24;63H[K[24;63H91,1[10C78%[18;1H[?25h[?25l[1;23r[1;1H[3M[1;24r[21;1H[93malias [m[1m[96malert[m[93m='[m[95mnotify-send --urgency=low -i "$([ $? = 0 ] && echo terminal || echoo[22;1H error)" "$(history|tail -n1|sed -e [m[93m'[m[38;5;224m\'[m[93m'[m[95ms/^\s*[0-9]\+\s*//;s/[;&|]\s*alert$//[m[93m'[m[38;5;224m\''[m[23;1H[93m'[m[95m)"[m[93m'[m[24;63H[K[24;63H92,1[10C79%[16;1H[?25h[?25l[24;64H3[17;1H[?25h[?25l[24;64H4[18;1H[?25h[?25l[1;23r[23;1H
[1;24r[24;63H[K[24;63H95,1[10C80%[18;1H[?25h[?25l[1;23r[23;1H
[1;24r[23;1H[96m# Alias definitions.[m[24;63H[K[24;63H96,1[10C81%[18;1H[?25h[?25l[1;23r[1;1H[3M[1;24r[21;1H[96m# You may want to put all your additions into a separate file like
# ~/.bash_aliases, instead of adding them here directly.
# See /usr/share/doc/bash-doc/examples in the bash-doc package.[m[24;63H[K[24;63H97,1[10C84%[16;1H[?25h[?25l[1;23r[23;1H
[1;24r[24;63H[K[24;63H98,1[10C85%[18;1H[?25h[?25l[1;23r[23;1H
[1;24r[23;1H[93mif [[m [93m-f[m ~/.bash_aliases [93m];[m [93mthen[m[24;63H[K[24;63H99,1[10C86%[18;1H[?25h[?25l[1;23r[23;1H
[1;24r[23;4H[93m . [m~/.bash_aliases[24;63H[K[24;63H100,1[9C87%[18;1H[?25h[?25l[1;23r[23;1H
[1;24r[23;1H[93mfi[m[24;63H[K[24;63H101,1[9C88%[18;1H[?25h[?25l[1;23r[23;1H
[1;24r[24;63H[K[24;63H102,1[9C89%[18;1H[?25h[?25l[1;23r[1;1H[2M[1;24r[22;1H[96m# enable programmable completion features (you don't need to enable
# this, if it's already enabled in /etc/bash.bashrc and /etc/profile[m[24;63H[K[24;63H103,1[9C91%[17;1H[?25h[?25l[24;65H4[18;1H[?25h[?25l[1;23r[23;1H
[1;24r[23;1H[96m# sources /etc/bash.bashrc).[m[24;63H[K[24;63H105,1[9C92%[18;1H[?25h[?25l[1;23r[1;1H[2M[1;24r[22;1H[93mif ![m shopt [38;5;224m-oq[m posix[93m;[m [93mthen
[m  [93mif [[m [93m-f[m /usr/share/bash-completion/bash_completion [93m];[m [93mthen[m[24;63H[K[24;63H107,1[9C94%[18;1H[?25h[?25l[1;23r[23;1H
[1;24r[23;4H[93m . [m/usr/share/bash-completion/bash_completion[24;63H[K[24;63H108,1[9C95%[18;1H[?25h[?25l[1;23r[23;1H
[1;24r[23;3H[93melif[m [93m[[m [93m-f[m /etc/bash_completion [93m];[m [93mthen[m[24;63H[K[24;63H109,1[9C96%[18;1H[?25h[?25l[1;23r[23;1H
[1;24r[23;4H[93m . [m/etc/bash_completion[24;63H[K[24;63H110,1[9C97%[18;1H[?25h[?25l[1;23r[23;1H
[1;24r[23;3H[93mfi[m[24;63H[K[24;63H111,1[9C98%[18;1H[?25h[?25l[1;23r[23;1H
[1;24r[23;1H[93mfi[m[24;63H[K[24;63H112,1[9CBot[18;1H[?25h[?25l[24;65H3[19;1H[?25h[?25l[24;65H4[20;1H[?25h[?25l[24;65H5[21;1H[?25h[?25l[24;65H6[22;1H[?25h[?25l[24;65H7[23;1H[?25h[?25l[24;67H2[23;2H[?25h[?25l[24;67H3[23;3H[?25h[?25l[1;23r[1;1H[3M[1;24r[22;1H[94m~                                                                               [23;1H~                                                                               [m[24;63H[K[24;63H118,1[9CBot[21;1H[?25h[?25l[22;1H[K[24;65H9[22;1H[?25h[?25lu[24;67H2[22;2H[?25h[?25lm[24;67H3[22;3H[?25h[?25la[24;67H4[22;4H[?25h[?25ls[24;67H5[22;5H[?25h[?25l[93mumask[m[24;67H6[22;6H[?25h[?25l[24;67H7[22;7H[?25h[?25l[95m0[m[24;67H8[22;8H[?25h[?25l[95m0[m[24;67H9[22;9H[?25h[?25l[95m4[m[24;67H10[22;10H[?25h[?25l[24;65H8,1 [21;1H[?25h[?25l[24;65H7,3[20;3H[?25h[?25l[24;65H5,10[18;10H[?25h[?25l[24;65H4[17;10H[?25h[?25l[24;65H3[16;10H[?25h[?25l[24;65H2[15;10H[?25h[?25l[24;65H1[14;10H[?25h[?25l[24;65H0[13;10H[?25h[?25l[24;64H09[12;10H[?25h[?25l[24;65H8[11;10H[?25h[?25l[24;65H7,1 [10;1H[?25h[?25l[24;65H6,3[9;3H[?25h[?25l[24;65H5,10[8;10H[?25h[?25l[24;65H4[7;10H[?25h[?25l[24;65H3,1 [6;1H[?25h[?25l[1;23r[1;1H[3L[1;24r[1;1H[93malias [m[1m[96malert[m[93m='[m[95mnotify-send --urgency=low -i "$([ $? = 0 ] && echo terminal || echoo[2;1H error)" "$(history|tail -n1|sed -e [m[93m'[m[38;5;224m\'[m[93m'[m[95ms/^\s*[0-9]\+\s*//;s/[;&|]\s*alert$//[m[93m'[m[38;5;224m\''[m[3;1H[93m'[m[95m)"[m[93m'[m[24;63H[K[24;63H102,10[8C97%[8;10H[?25h[?25l[24;65H1[7;10H[?25h[?25l[24;65H0[6;10H[?25h[?25l[1;23r[1;1H[L[1;24r[1;1H[96m#   sleep 10; alert[m[24;63H[K[24;63H99,10[9C96%[6;10H[?25h[?25l[1;23r[1;1H[L[1;24r[1;1H[96m# Add an "alert" alias for long running commands.  Use like so:[m[24;63H[K[24;63H98,1[10C95%[6;1H[?25h[?25l[1;23r[1;1H[3L[1;24r[1;1H[93malias [m[1m[96mla[m[93m='[m[95mls -A[m[93m'
alias [m[1m[96ml[m[93m='[m[95mls -CF[m[93m'[m[24;63H[K[24;63H97,10[9C92%[6;10H[?25h[?25l[1;23r[1;1H[L[1;24r[1;1H[93malias [m[1m[96mll[m[93m='[m[95mls -alF[m[93m'[m[24;63H[K[24;63H96,10[9C91%[6;10H[?25h[?25l[1;23r[1;1H[L[1;24r[1;1H[96m# some more ls aliases[m[24;63H[K[24;63H95,10[9C90%[6;10H[?25h[?25l[1;23r[1;1H[L[1;24r[24;63H[K[24;63H94,1[10C89%[6;1H[?25h[?25l[1;23r[1;1H[2L[1;24r[1;1H[96m#export GCC_COLORS='error=01;31:warning=01;35:note=01;36:caret=01;32:locus=01:quu[2;1Hote=01'[m[24;63H[K[24;63H93,10[9C87%[7;10H[?25h[?25l[24;64H2[6;10H[?25h[?25l[1;23r[1;1H[L[1;24r[1;1H[96m# colored GCC warnings and errors[m[24;63H[K[24;63H91,10[9C86%[6;10H[?25h[?25l[1;23r[1;1H[L[1;24r[24;63H[K[24;63H90,10[9C85%[6;10H[?25h[?25l[1;23r[1;1H[L[1;24r[1;1H[93mfi[m[24;63H[K[24;63H89,1[10C84%[6;1H[?25h[?25l[1;23r[1;1H[2L[1;24r[1;5H[93malias [m[1m[96mfgrep[m[93m='[m[95mfgrep --color=auto[m[93m'
[m    [93malias [m[1m[96megrep[m[93m='[m[95megrep --color=auto[m[93m'[m[24;63H[K[24;63H88,10[9C82%[6;10H[?25h[?25l[1;23r[1;1H[L[1;24r[1;5H[93malias [m[1m[96mgrep[m[93m='[m[95mgrep --color=auto[m[93m'[m[24;63H[K[24;63H87,10[9C81%[6;10H[?25h[?25l[1;23r[1;1H[L[1;24r[24;63H[K[24;63H86,1[10C80%[6;1H[?25h[?25l[1;23r[1;1H[L[1;24r[1;5H[96m#alias vdir='vdir --color=auto'[m[24;63H[K[24;63H85,3[10C79%[6;3H[?25h[?25l[1;23r[1;1H[L[1;24r[1;5H[96m#alias dir='dir --color=auto'[m[24;63H[K[24;63H84,10[9C78%[6;10H[?25h[?25l[1;23r[1;1H[L[1;24r[1;5H[93malias [m[1m[96mls[m[93m='[m[95mls --color=auto[m[93m'[m[24;63H[K[24;63H83,10[9C77%[6;10H[?25h[?25l[1;23r[1;1H[2L[1;24r[1;5H[93mtest[m [93m-r[m ~/.dircolors [93m&&[m [93meval[m [93m"[m[38;5;81m$([m[38;5;224mdircolors -b ~/.dircolors[m[38;5;81m)[m[93m"[m [93m||[m [93meval[m [93m"[m[38;5;81m$([m[38;5;224mdircoo[2;1Hlors -b[m[38;5;81m)[m[93m"[m[23;1H[94m@@@                                                                             [m[24;63H[K[24;63H82,10[9C76%[7;10H[?25h[?25l[24;64H1,1 [6;1H[?25h[?25l[1;23r[1;1H[L[1;24r[1;1H[93mif [[m [93m-x[m /usr/bin/dircolors [93m];[m [93mthen[m[24;63H[K[24;63H80,10[9C76%[6;10H[?25h[?25l[1;23r[1;1H[L[1;24r[1;1H[96m# enable color support of ls and also add handy aliases[m[24;63H[K[24;63H79,10[9C75%[6;10H[?25h[?25l[1;23r[1;1H[L[1;24r[24;63H[K[24;63H78,10[9C74%[6;10H[?25h[?25l[1;23r[1;1H[2L[1;24r[1;5H[93m;;
esac[m[24;63H[K[24;63H77,10[9C72%[6;10H[?25h[?25l[1;23r[1;1H[L[1;24r[1;1H*[93m)[m[24;63H[K[24;63H76,10[9C71%[6;10H[?25h[?25l[1;23r[1;1H[L[1;24r[1;5H[93m;;[m[24;63H[K[24;63H75,10[9C70%[6;10H[?25h[?25l[1;23r[1;1H[L[1;24r[1;5H[38;5;81mPS1[m[93m="[m[38;5;224m\[\e[m[95m]0;[m[38;5;81m${debian_chroot[m[93m:+[m([38;5;81m$debian_chroot[m)[38;5;81m}[m[38;5;224m\u[m[95m@[m[38;5;224m\h[m[95m: [m[38;5;224m\w\a\][m[38;5;81m$PS1[m[93m"[m[24;63H[K[24;63H74,1[10C69%[6;1H[?25h[?25l[1;23r[1;1H[L[1;24r[1;1Hxterm*|rxvt*[93m)[m[24;63H[K[24;63H73,5[10C68%[6;5H[?25h[?25l[1;23r[1;1H[L[1;24r[1;1H[93mcase[m [93m"[m[38;5;81m$TERM[m[93m"[m [93min[m[23;1H[94m@@@                                                                             [m[24;63H[K[24;63H72,7[10C67%[6;7H[?25h[?25l[1;23r[1;1H[L[1;24r[1;1H[96m# If this is an xterm set the title to user@host:dir[m[24;63H[K[24;63H71,3[10C67%[6;3H[?25h[?25l[1;23r[1;1H[L[1;24r[24;63H[K[24;63H70,7[10C65%[6;7H[?25h[?25l[1;23r[1;1H[L[1;24r[1;1H[93munset[m[1m[96m color_prompt force_color_prompt[m[24;63H[K[24;63H69,10[9C64%[6;10H[?25h[?25l[1;23r[1;1H[L[1;24r[1;1H[93mfi[m[24;63H[K[24;63H68,10[9C63%[6;10H[?25h[?25l[1;23r[1;1H[L[1;24r[1;5H[38;5;81mPS1[m[93m='[m[95m${debian_chroot:+($debian_chroot)}\u@\h:\w\$ [m[93m'[m[24;63H[K[24;63H67,10[9C62%[6;10H[?25h[?25l[1;23r[1;1H[L[1;24r[1;1H[93melse[m[24;63H[K[24;63H66,10[9C61%[6;10H[?25h[?25l[1;23r[1;1H[2L[1;24r[1;5H[38;5;81mPS1[m[93m='[m[95m${debian_chroot:+($debian_chroot)}\[\033[01;32m\]\u@\h\[\033[00m\]:\[\00[2;1H33[01;34m\]\w\[\033[00m\]\$ [m[93m'[m[24;63H[K[24;63H65,1[10C60%[7;1H[?25h[?25l[24;64H4,10[6;10H[?25h[?25l[1;23r[1;1H[L[1;24r[1;1H[93mif [[m [93m"[m[38;5;81m$color_prompt[m[93m"[m [93m=[m [95myes[m [93m];[m [93mthen[m[24;63H[K[24;63H63,3[10C59%[6;3H[?25h[?25l[1;23r[1;1H[L[1;24r[24;63H[K[24;63H62,10[9C58%[6;10H[?25h[?25l[1;23r[1;1H[L[1;24r[1;1H[93mfi[m[24;63H[K[24;63H61,5[10C57%[6;5H[?25h[?25l[1;23r[1;1H[2L[1;24r[1;9H[1m[96mcolor_prompt[m=
    [93mfi[m[24;63H[K[24;63H60,10[9C55%[6;10H[?25h[?25l[1;23r[1;1H[L[1;24r[1;5H[93melse[m[24;63H[K[24;63H59,10[9C54%[6;10H[?25h[?25l[1;23r[1;1H[L[1;24r[1;9H[1m[96mcolor_prompt[m=yes[24;63H[K[24;63H58,1[10C53%[6;1H[?25h[?25l[1;23r[1;1H[L[1;24r[1;9H[96m# a case would tend to support setf rather than setaf.)[m[24;63H[K[24;63H57,3[10C52%[6;3H[?25h[?25l[1;23r[1;1H[L[1;24r[1;9H[96m# (ISO/IEC-6429). (Lack of such support is extremely rare, and such[m[24;63H[K[24;63H56,7[10C51%[6;7H[?25h[?25l[1;23r[1;1H[L[1;24r[1;9H[96m# We have color support; assume it's compliant with Ecma-48[m[24;63H[K[24;63H55,3-10[7C50%[6;10H[?25h[?25l[1;23r[1;1H[L[1;24r[1;5H[93mif [[m [93m-x[m /usr/bin/tput [93m][m [93m&&[m [93mtput[m setaf [95m1[m [93m>&[m/dev/null[93m;[m [93mthen[m[24;63H[K[24;63H54,9[10C49%[6;9H[?25h[?25l[1;23r[1;1H[L[1;24r[1;1H[93mif [[m [93m-n[m [93m"[m[38;5;81m$force_color_prompt[m[93m"[m [93m];[m [93mthen[m[24;63H[K[24;63H53,3-10[7C48%[6;10H[?25h[?25l[1;23r[1;1H[L[1;24r[24;63H[K[24;63H52,3-10[7C47%[6;10H[?25h[?25l[1;23r[1;1H[L[1;24r[1;1H[96m#force_color_prompt=yes[m[24;63H[K[24;63H51,3-10[7C46%[6;10H[?25h[?25l[1;23r[1;1H[L[1;24r[1;1H[96m# should be on the output of commands, not on the prompt[m[24;63H[K[24;63H50,3-10[7C45%[6;10H[?25h[?25l[1;23r[1;1H[L[1;24r[1;1H[96m# off by default to not distract the user: the focus in a terminal window[m[24;63H[K[24;63H49,10[9C44%[6;10H[?25h[?25l[1;23r[1;1H[L[1;24r[1;1H[96m# uncomment for a colored prompt, if the terminal has the capability; turned[m[24;63H[K[24;63H48,10[9C43%[6;10H[?25h[?25l[1;23r[1;1H[L[1;24r[24;63H[K[24;63H47,1[10C42%[6;1H[?25h[?25l[1;23r[1;1H[L[1;24r[1;1H[93mesac[m[24;63H[K[24;63H46,10[9C41%[6;10H[?25h[?25l[1;23r[1;1H[L[1;24r[1;5Hxterm-color|*-256color[93m)[m [1m[96mcolor_prompt[m=yes[93m;;[m[24;63H[K[24;63H45,10[9C40%[6;10H[?25h[?25l[1;23r[1;1H[L[1;24r[1;1H[93mcase[m [93m"[m[38;5;81m$TERM[m[93m"[m [93min[m[24;63H[K[24;63H44,10[9C39%[6;10H[?25h[?25l[1;23r[1;1H[L[1;24r[1;1H[96m# set a fancy prompt (non-color, unless we know we "want" color)[m[23;1H[94m@@@                                                                             [m[24;63H[K[24;63H43,10[9C38%[6;10H[?25h[?25l[1;23r[1;1H[L[1;24r[24;63H[K[24;63H42,1[10C37%[6;1H[?25h[?25l[1;23r[1;1H[L[1;24r[1;1H[93mfi[m[24;63H[K[24;63H41,5[10C36%[6;5H[?25h[?25l[1;23r[1;1H[L[1;24r[1;5H[1m[96mdebian_chroot[m=[38;5;81m$([m[93mcat[m[38;5;224m /etc/debian_chroot[m[38;5;81m)[m[24;63H[K[24;63H40,10[9C35%[6;10H[?25h[?25l[1;23r[1;1H[L[1;24r[1;1H[93mif [[m [93m-z[m [93m"[m[38;5;81m${debian_chroot[m[93m:-[m[38;5;81m}[m[93m"[m [93m][m [93m&&[m [93m[[m [93m-r[m /etc/debian_chroot [93m];[m [93mthen[m[24;63H[K[24;63H39,10[9C34%[6;10H[?25h[?25l[1;23r[1;1H[L[1;24r[1;1H[96m# set variable identifying the chroot you work in (used in the prompt below)[m[24;63H[K[24;63H38,10[9C33%[6;10H[?25h[?25l[1;23r[1;1H[L[1;24r[24;63H[K[24;63H37,1[10C32%[6;1H[?25h[?25l[1;23r[1;1H[L[1;24r[1;1H[93m[[m [93m-x[m /usr/bin/lesspipe [93m][m && [93meval[m [93m"[m[38;5;81m$(SHELL[m[93m=[m[38;5;224m/bin/sh lesspipe[m[38;5;81m)[m[93m"[m[24;63H[K[24;63H36,3[10C31%[6;3H[?25h[?25l[1;23r[1;1H[L[1;24r[1;1H[96m# make less more friendly for non-text input files, see lesspipe(1)[m[24;63H[K[24;63H35,10[9C30%[6;10H[?25h[?25l[1;23r[1;1H[L[1;24r[24;63H[K[24;63H34,10[9C29%[6;10H[?25h[?25l[1;23r[1;1H[L[1;24r[1;1H[96m#shopt -s globstar[m[24;63H[K[24;63H33,10[9C28%[6;10H[?25h[?25l[1;23r[1;1H[L[1;24r[1;1H[96m# match all files and zero or more directories and subdirectories.[m[24;63H[K[24;63H32,1[10C27%[6;1H[?25h[?25l[1;23r[1;1H[L[1;24r[1;1H[96m# If set, the pattern "**" used in a pathname expansion context will[m[24;63H[K[24;63H31,10[9C26%[6;10H[?25h[?25l[1;23r[1;1H[L[1;24r[24;63H[K[24;63H30,10[9C25%[6;10H[?25h[?25l[1;23r[1;1H[L[1;24r[1;1Hshopt [38;5;224m-s[m checkwinsize[24;63H[K[24;63H29,1[10C23%[6;1H[?25h[?25l[1;23r[1;1H[L[1;24r[1;1H[96m# update the values of LINES and COLUMNS.[m[24;63H[K[24;63H28,10[9C22%[6;10H[?25h[?25l[1;23r[1;1H[L[1;24r[1;1H[96m# check the window size after each command and, if necessary,[m[24;63H[K[24;63H27,10[9C21%[6;10H[?25h[?25l[1;23r[1;1H[L[1;24r[24;63H[K[24;63H26,10[9C20%[6;10H[?25h[?25l[1;23r[1;1H[L[1;24r[1;1H[1m[96mHISTFILESIZE[m=[95m2000[m[24;63H[K[24;63H25,1[10C19%[6;1H[?25h[?25l[1;23r[1;1H[L[1;24r[1;1H[1m[96mHISTSIZE[m=[95m1000[m[24;63H[K[24;63H24,10[9C18%[6;10H[?25h[?25l[1;23r[1;1H[L[1;24r[1;1H[96m# for setting history length see HISTSIZE and HISTFILESIZE in bash(1)[m[24;63H[K[24;63H23,10[9C17%[6;10H[?25h[?25l[1;23r[1;1H[L[1;24r[24;63H[K[24;63H22,10[9C16%[6;10H[?25h[?25l[1;23r[1;1H[L[1;24r[1;1Hshopt [38;5;224m-s[m histappend[24;63H[K[24;63H21,1[10C15%[6;1H[?25h[?25l[1;23r[1;1H[L[1;24r[1;1H[96m# append to the history file, don't overwrite it[m[24;63H[K[24;63H20,10[9C14%[6;10H[?25h[?25l[1;23r[1;1H[L[1;24r[24;63H[K[24;63H19,10[9C13%[6;10H[?25h[?25l[1;23r[1;1H[L[1;24r[1;1H[1m[96mHISTCONTROL[m=ignoreboth[24;63H[K[24;63H18,10[9C12%[6;10H[?25h[?25l[1;23r[1;1H[L[1;24r[1;1H[96m# See bash(1) for more options[m[24;63H[K[24;63H17,1[10C11%[6;1H[?25h[?25l[1;23r[1;1H[L[1;24r[1;1H[96m# don't put duplicate lines or lines starting with space in the history.[m[24;63H[K[24;63H16,10[9C10%[6;10H[?25h[?25l[1;23r[1;1H[L[1;24r[24;63H[K[24;63H15,10[10C9%[6;10H[?25h[?25l[1;23r[1;1H[L[1;24r[1;1H[93mesac[m[24;63H[K[24;63H14,1[11C8%[6;1H[?25h[?25l[1;23r[1;1H[L[1;24r[1;7H*[93m)[m [93mreturn;;[m[24;63H[K[24;63H13,10[10C7%[6;10H[?25h[?25l[1;23r[1;1H[L[1;24r[1;5H*i*[93m)[m [93m;;[m[24;63H[K[24;63H12,10[10C6%[6;10H[?25h[?25l[1;23r[1;1H[L[1;24r[1;1H[93mcase[m [38;5;81m$-[m [93min[m[24;63H[K[24;63H11,10[10C5%[6;10H[?25h[?25l[1;23r[1;1H[L[1;24r[1;1H[96m# If not running interactively, don't do anything[m[24;63H[K[24;63H10,1[11C4%[6;1H[?25h[?25l[1;23r[1;1H[L[1;24r[24;63H[K[24;63H9,5[12C3%[6;5H[?25h[?25l[1;23r[1;1H[L[1;24r[1;1H[96m# for examples[m[24;63H[K[24;63H8,10[11C2%[6;10H[?25h[?25l[1;23r[1;1H[L[1;24r[1;1H[96m# see /usr/share/doc/bash/examples/startup-files (in the package bash-doc)[m[24;63H[K[24;63H7,10[11C1%[6;10H[?25h[?25l[1;23r[1;1H[L[1;24r[1;1H[96m# ~/.bashrc: executed by bash(1) for non-login shells.[m[24;63H[K[24;63H6,10[10CTop[6;10H[?25h[?25l[24;63H5[5;10H[?25h[?25l[24;63H4,1 [4;1H[?25h[?25l[24;63H3,10[3;10H[?25h[?25l[24;63H2[2;10H[?25h[?25l[24;63H1[1;10H[?25h[?25l[24;63H2[2;10H[?25h[?25l[24;63H3[3;10H[?25h[?25l[24;63H4,1 [4;1H[?25h[?25l[24;63H5,10[5;10H[?25h[?25l[24;63H6[6;10H[?25h[?25l[24;63H7[7;10H[?25h[?25l[24;63H8[8;10H[?25h[?25l[24;63H9,5 [9;5H[?25h[?25l[24;63H10,1[10;1H[?25h[?25l[24;64H1,10[11;10H[?25h[?25l[24;64H2[12;10H[?25h[?25l[24;64H3[13;10H[?25h[?25l[24;64H4,1 [14;1H[?25h[?25l[24;64H5,10[15;10H[?25h[?25l[24;64H6[16;10H[?25h[?25l[24;64H7,1 [17;1H[?25h[?25l[24;64H8,10[18;10H[?25h[?25l[1;23r[23;1H
[1;24r[23;1Hshopt [38;5;224m-s[m checkwinsize[24;63H[K[24;63H19,10[10C1%[18;10H[?25h[?25l[1;23r[23;1H
[1;24r[24;63H[K[24;63H20,10[10C2%[18;10H[?25h[?25l[1;23r[23;1H
[1;24r[23;1H[96m# If set, the pattern "**" used in a pathname expansion context will[m[24;63H[K[24;63H21,1[11C3%[18;1H[?25h[?25l[1;23r[23;1H
[1;24r[23;1H[96m# match all files and zero or more directories and subdirectories.[m[24;63H[K[24;63H22,10[10C4%[18;10H[?25h[?25l[1;23r[23;1H
[1;24r[23;1H[96m#shopt -s globstar[m[24;63H[K[24;63H23,10[10C5%[18;10H[?25h[?25l[1;23r[23;1H
[1;24r[24;63H[K[24;63H24,10[10C6%[18;10H[?25h[?25l[1;23r[23;1H
[1;24r[23;1H[96m# make less more friendly for non-text input files, see lesspipe(1)[m[24;63H[K[24;63H25,1[11C7%[18;1H[?25h[?25l[1;23r[23;1H
[1;24r[23;1H[93m[[m [93m-x[m /usr/bin/lesspipe [93m][m && [93meval[m [93m"[m[38;5;81m$(SHELL[m[93m=[m[38;5;224m/bin/sh lesspipe[m[38;5;81m)[m[93m"[m[24;63H[K[24;63H26,10[10C8%[18;10H[?25h[?25l[1;23r[23;1H
[1;24r[24;63H[K[24;63H27,10[10C9%[18;10H[?25h[?25l[1;23r[23;1H
[1;24r[23;1H[96m# set variable identifying the chroot you work in (used in the prompt below)[m[24;63H[K[24;63H28,10[9C10%[18;10H[?25h[?25l[1;23r[23;1H
[1;24r[23;1H[93mif [[m [93m-z[m [93m"[m[38;5;81m${debian_chroot[m[93m:-[m[38;5;81m}[m[93m"[m [93m][m [93m&&[m [93m[[m [93m-r[m /etc/debian_chroot [93m];[m [93mthen[m[24;63H[K[24;63H29,1[10C11%[18;1H[?25h[?25l[1;23r[23;1H
[1;24r[23;5H[1m[96mdebian_chroot[m=[38;5;81m$([m[93mcat[m[38;5;224m /etc/debian_chroot[m[38;5;81m)[m[24;63H[K[24;63H30,10[9C12%[18;10H[?25h[?25l[1;23r[23;1H
[1;24r[23;1H[93mfi[m[24;63H[K[24;63H31,10[9C13%[18;10H[?25h[?25l[1;23r[23;1H
[1;24r[24;63H[K[24;63H32,1[10C14%[18;1H[?25h[?25l[1;23r[23;1H
[1;24r[23;1H[96m# set a fancy prompt (non-color, unless we know we "want" color)[m[24;63H[K[24;63H33,10[9C15%[18;10H[?25h[?25l[1;23r[23;1H
[1;24r[23;1H[93mcase[m [93m"[m[38;5;81m$TERM[m[93m"[m [93min[m[24;63H[K[24;63H34,10[9C16%[18;10H[?25h[?25l[1;23r[23;1H
[1;24r[23;5Hxterm-color|*-256color[93m)[m [1m[96mcolor_prompt[m=yes[93m;;[m[24;63H[K[24;63H35,10[9C17%[18;10H[?25h[?25l[1;23r[23;1H
[1;24r[23;1H[93mesac[m[24;63H[K[24;63H36,3[10C18%[18;3H[?25h[?25l[1;23r[23;1H
[1;24r[24;63H[K[24;63H37,1[10C19%[18;1H[?25h[?25l[1;23r[23;1H
[1;24r[23;1H[96m# uncomment for a colored prompt, if the terminal has the capability; turned[m[24;63H[K[24;63H38,10[9C20%[18;10H[?25h[?25l[1;23r[23;1H
[1;24r[23;1H[96m# off by default to not distract the user: the focus in a terminal window[m[24;63H[K[24;63H39,10[9C21%[18;10H[?25h[?25l[1;23r[23;1H
[1;24r[23;1H[96m# should be on the output of commands, not on the prompt[m[24;63H[K[24;63H40,10[9C22%[18;10H[?25h[?25l[1;23r[23;1H
[1;24r[23;1H[96m#force_color_prompt=yes[m[24;63H[K[24;63H41,5[10C23%[18;5H[?25h[?25l[1;23r[23;1H
[1;24r[24;63H[K[24;63H42,1[10C25%[18;1H[?25h[?25l[1;23r[23;1H
[1;24r[23;1H[93mif [[m [93m-n[m [93m"[m[38;5;81m$force_color_prompt[m[93m"[m [93m];[m [93mthen[m[24;63H[K[24;63H43,10[9C26%[18;10H[?25h[?25l[1;23r[23;1H
[1;24r[23;5H[93mif [[m [93m-x[m /usr/bin/tput [93m][m [93m&&[m [93mtput[m setaf [95m1[m [93m>&[m/dev/null[93m;[m [93mthen[m[24;63H[K[24;63H44,10[9C27%[18;10H[?25h[?25l[1;23r[23;1H
[1;24r[23;9H[96m# We have color support; assume it's compliant with Ecma-48[m[24;63H[K[24;63H45,10[9C28%[18;10H[?25h[?25l[1;23r[23;1H
[1;24r[23;9H[96m# (ISO/IEC-6429). (Lack of such support is extremely rare, and such[m[24;63H[K[24;63H46,10[9C29%[18;10H[?25h[?25l[1;23r[23;1H
[1;24r[23;9H[96m# a case would tend to support setf rather than setaf.)[m[24;63H[K[24;63H47,1[10C30%[18;1H[?25h[?25l[1;23r[23;1H
[1;24r[23;9H[1m[96mcolor_prompt[m=yes[24;63H[K[24;63H48,10[9C31%[18;10H[?25h[?25l[1;23r[23;1H
[1;24r[23;5H[93melse[m[24;63H[K[24;63H49,10[9C32%[18;10H[?25h[?25l[1;23r[23;1H
[1;24r[23;9H[1m[96mcolor_prompt[m=[24;63H[K[24;63H50,3-10[7C33%[18;10H[?25h[?25l[1;23r[23;1H
[1;24r[23;5H[93mfi[m[24;63H[K[24;63H51,3-10[7C34%[18;10H[?25h[?25l[1;23r[23;1H
[1;24r[23;1H[93mfi[m[24;63H[K[24;63H52,3-10[7C35%[18;10H[?25h[?25l[1;23r[23;1H
[1;24r[24;63H[K[24;63H53,3-10[7C36%[18;10H[?25h[?25l[1;23r[23;1H
[1;24r[23;1H[93mif [[m [93m"[m[38;5;81m$color_prompt[m[93m"[m [93m=[m [95myes[m [93m];[m [93mthen[m[24;63H[K[24;63H54,9[10C37%[18;9H[?25h[?25l[1;23r[1;1H[2M[1;24r[22;5H[38;5;81mPS1[m[93m='[m[95m${debian_chroot:+($debian_chroot)}\[\033[01;32m\]\u@\h\[\033[00m\]:\[\00[23;1H33[01;34m\]\w\[\033[00m\]\$ [m[93m'[m[24;63H[K[24;63H55,3-10[7C39%[17;10H[?25h[?25l[24;64H6,7   [18;7H[?25h[?25l[1;23r[23;1H
[1;24r[23;1H[93melse[m[24;63H[K[24;63H57,3[10C40%[18;3H[?25h[?25l[1;23r[23;1H
[1;24r[23;5H[38;5;81mPS1[m[93m='[m[95m${debian_chroot:+($debian_chroot)}\u@\h:\w\$ [m[93m'[m[24;63H[K[24;63H58,1[10C41%[18;1H[?25h[?25l[1;23r[23;1H
[1;24r[23;1H[93mfi[m[24;63H[K[24;63H59,10[9C42%[18;10H[?25h[?25l[1;23r[1;1H[2M[1;24r[22;1H[93munset[m[1m[96m color_prompt force_color_prompt[m[24;63H[K[24;63H60,10[9C44%[17;10H[?25h[?25l[1;23r[23;1H
[1;24r[23;1H[96m# If this is an xterm set the title to user@host:dir[m[24;63H[K[24;63H61,5[10C45%[18;5H[?25h[?25l[1;23r[23;1H
[1;24r[23;1H[93mcase[m [93m"[m[38;5;81m$TERM[m[93m"[m [93min[m[24;63H[K[24;63H62,10[9C46%[18;10H[?25h[?25l[1;23r[23;1H
[1;24r[23;1Hxterm*|rxvt*[93m)[m[24;63H[K[24;63H63,3[10C47%[18;3H[?25h[?25l[1;23r[23;1H
[1;24r[23;5H[38;5;81mPS1[m[93m="[m[38;5;224m\[\e[m[95m]0;[m[38;5;81m${debian_chroot[m[93m:+[m([38;5;81m$debian_chroot[m)[38;5;81m}[m[38;5;224m\u[m[95m@[m[38;5;224m\h[m[95m: [m[38;5;224m\w\a\][m[38;5;81m$PS1[m[93m"[m[24;63H[K[24;63H64,10[9C48%[18;10H[?25h[?25l[1;23r[23;1H
[1;24r[23;5H[93m;;[m[24;63H[K[24;63H65,1[10C49%[18;1H[?25h[?25l[1;23r[23;1H
[1;24r[23;1H*[93m)[m[24;63H[K[24;63H66,10[9C50%[18;10H[?25h[?25l[1;23r[23;1H
[1;24r[23;5H[93m;;[m[24;63H[K[24;63H67,10[9C51%[18;10H[?25h[?25l[1;23r[23;1H
[1;24r[23;1H[93mesac[m[24;63H[K[24;63H68,10[9C52%[18;10H[?25h[?25l[1;23r[23;1H
[1;24r[24;63H[K[24;63H69,10[9C53%[18;10H[?25h[?25l[1;23r[23;1H
[1;24r[23;1H[96m# enable color support of ls and also add handy aliases[m[24;63H[K[24;63H70,7[10C54%[18;7H[?25h[?25l[1;23r[23;1H
[1;24r[23;1H[93mif [[m [93m-x[m /usr/bin/dircolors [93m];[m [93mthen[m[24;63H[K[24;63H71,3[10C55%[18;3H[?25h[?25l[1;23r[1;1H[2M[1;24r[22;5H[93mtest[m [93m-r[m ~/.dircolors [93m&&[m [93meval[m [93m"[m[38;5;81m$([m[38;5;224mdircolors -b ~/.dircolors[m[38;5;81m)[m[93m"[m [93m||[m [93meval[m [93m"[m[38;5;81m$([m[38;5;224mdircoo[23;1Hlors -b[m[38;5;81m)[m[93m"[m[24;63H[K[24;63H72,7[10C57%[17;7H[?25h[?25l[24;64H3,5[18;5H[?25h[?25l[1;23r[23;1H
[1;24r[23;5H[93malias [m[1m[96mls[m[93m='[m[95mls --color=auto[m[93m'[m[24;63H[K[24;63H74,1[10C58%[18;1H[?25h[?25l[1;23r[23;1H
[1;24r[23;5H[96m#alias dir='dir --color=auto'[m[24;63H[K[24;63H75,10[9C59%[18;10H[?25h[?25l[1;23r[23;1H
[1;24r[23;5H[96m#alias vdir='vdir --color=auto'[m[24;63H[K[24;63H76,10[9C60%[18;10H[?25h[?25l[1;23r[1;1H[2M[1;24r[23;5H[93malias [m[1m[96mgrep[m[93m='[m[95mgrep --color=auto[m[93m'[m[24;63H[K[24;63H77,10[9C61%[17;10H[?25h[?25l[1;23r[23;1H
[1;24r[23;5H[93malias [m[1m[96mfgrep[m[93m='[m[95mfgrep --color=auto[m[93m'[m[24;63H[K[24;63H78,10[9C62%[18;10H[?25h[?25l[1;23r[23;1H
[1;24r[23;5H[93malias [m[1m[96megrep[m[93m='[m[95megrep --color=auto[m[93m'[m[24;63H[K[24;63H79,10[9C63%[18;10H[?25h[?25l[1;23r[23;1H
[1;24r[23;1H[93mfi[m[24;63H[K[24;63H80,10[9C64%[18;10H[?25h[?25l[1;23r[23;1H
[1;24r[24;63H[K[24;63H81,1[10C65%[18;1H[?25h[?25l[1;23r[23;1H
[1;24r[23;1H[96m# colored GCC warnings and errors[m[24;63H[K[24;63H82,10[9C67%[18;10H[?25h[?25l[1;23r[1;1H[2M[1;24r[22;1H[96m#export GCC_COLORS='error=01;31:warning=01;35:note=01;36:caret=01;32:locus=01:quu[23;1Hote=01'[m[24;63H[K[24;63H83,10[9C68%[17;10H[?25h[?25l[24;64H4[18;10H[?25h[?25l[1;23r[23;1H
[1;24r[24;63H[K[24;63H85,3[10C69%[18;3H[?25h[?25l[1;23r[23;1H
[1;24r[23;1H[96m# some more ls aliases[m[24;63H[K[24;63H86,1[10C70%[18;1H[?25h[?25l[1;23r[23;1H
[1;24r[23;1H[93malias [m[1m[96mll[m[93m='[m[95mls -alF[m[93m'[m[24;63H[K[24;63H87,10[9C71%[18;10H[?25h[?25l[1;23r[1;1H[2M[1;24r[22;1H[93malias [m[1m[96mla[m[93m='[m[95mls -A[m[93m'
alias [m[1m[96ml[m[93m='[m[95mls -CF[m[93m'[m[24;63H[K[24;63H88,10[9C73%[17;10H[?25h[?25l[1;23r[23;1H
[1;24r[24;63H[K[24;63H89,1[10C74%[18;1H[?25h[?25l[1;23r[23;1H
[1;24r[23;1H[96m# Add an "alert" alias for long running commands.  Use like so:[m[24;63H[K[24;63H90,10[9C75%[18;10H[?25h[?25l[1;23r[23;1H
[1;24r[23;1H[96m#   sleep 10; alert[m[24;63H[K[24;63H91,10[9C76%[18;10H[?25h[?25l[1;23r[1;1H[3M[1;24r[21;1H[93malias [m[1m[96malert[m[93m='[m[95mnotify-send --urgency=low -i "$([ $? = 0 ] && echo terminal || echoo[22;1H error)" "$(history|tail -n1|sed -e [m[93m'[m[38;5;224m\'[m[93m'[m[95ms/^\s*[0-9]\+\s*//;s/[;&|]\s*alert$//[m[93m'[m[38;5;224m\''[m[23;1H[93m'[m[95m)"[m[93m'[m[24;63H[K[24;63H92,10[9C77%[16;10H[?25h[?25l[24;64H3[17;10H[?25h[?25l[24;64H4,1 [18;1H[?25h[?25l[1;23r[23;1H
[1;24r[24;63H[K[24;63H95,10[9C78%[18;10H[?25h[?25l[1;23r[23;1H
[1;24r[23;1H[96m# Alias definitions.[m[24;63H[K[24;63H96,10[9C79%[18;10H[?25h[?25l[1;23r[1;1H[3M[1;24r[21;1H[96m# You may want to put all your additions into a separate file like
# ~/.bash_aliases, instead of adding them here directly.
# See /usr/share/doc/bash-doc/examples in the bash-doc package.[m[24;63H[K[24;63H97,10[9C82%[16;10H[?25h[?25l[1;23r[23;1H
[1;24r[24;63H[K[24;63H98,1[10C83%[18;1H[?25h[?25l[1;23r[23;1H
[1;24r[23;1H[93mif [[m [93m-f[m ~/.bash_aliases [93m];[m [93mthen[m[24;63H[K[24;63H99,10[9C84%[18;10H[?25h[?25l[1;23r[23;1H
[1;24r[23;4H[93m . [m~/.bash_aliases[24;63H[K[24;63H100,10[8C85%[18;10H[?25h[?25l[1;23r[23;1H
[1;24r[23;1H[93mfi[m[24;63H[K[24;63H101,10[8C86%[18;10H[?25h[?25l[1;23r[23;1H
[1;24r[24;63H[K[24;63H102,10[8C87%[18;10H[?25h[?25l[1;23r[1;1H[2M[1;24r[22;1H[96m# enable programmable completion features (you don't need to enable
# this, if it's already enabled in /etc/bash.bashrc and /etc/profile[m[24;63H[K[24;63H103,1[9C89%[17;1H[?25h[?25l[24;65H4,10[18;10H[?25h[?25l[1;23r[23;1H
[1;24r[23;1H[96m# sources /etc/bash.bashrc).[m[24;63H[K[24;63H105,10[8C90%[18;10H[?25h[?25l[1;23r[23;1H
[1;24r[23;1H[93mif ![m shopt [38;5;224m-oq[m posix[93m;[m [93mthen[m[24;63H[K[24;63H106,3[9C91%[18;3H[?25h[?25l[1;23r[23;1H
[1;24r[23;3H[93mif [[m [93m-f[m /usr/share/bash-completion/bash_completion [93m];[m [93mthen[m[24;63H[K[24;63H107,1[9C92%[18;1H[?25h[?25l[1;23r[23;1H
[1;24r[23;4H[93m . [m/usr/share/bash-completion/bash_completion[24;63H[K[24;63H108,10[8C93%[18;10H[?25h[?25l[1;23r[23;1H
[1;24r[23;3H[93melif[m [93m[[m [93m-f[m /etc/bash_completion [93m];[m [93mthen[m[24;63H[K[24;63H109,10[8C94%[18;10H[?25h[?25l[1;23r[23;1H
[1;24r[23;4H[93m . [m/etc/bash_completion[24;63H[K[24;63H110,10[8C95%[18;10H[?25h[?25l[1;23r[23;1H
[1;24r[23;3H[93mfi[m[24;63H[K[24;63H111,10[8C96%[18;10H[?25h[?25l[1;23r[23;1H
[1;24r[23;1H[93mfi[m[24;63H[K[24;63H112,10[8C97%[18;10H[?25h[?25l[1;23r[1;1H[3M[1;24r[22;1H[93mumask[m [95m004[m
[94m~                                                                               [m[24;63H[K[24;63H113,10[8CBot[16;10H[?25h[?25l[24;65H4[17;10H[?25h[?25l[24;65H5[18;10H[?25h[?25l[24;65H6,5 [19;5H[?25h[?25l[24;65H7,3[20;3H[?25h[?25l[24;65H8,1[21;1H[?25h[?25l[24;65H9,10[22;10H[?25h[24;1H[K[22;9H[?25l[24;53H^[[22;9H[24;53H  [22;10H[24;63H119,9[9CBot[22;9H[?25h[?25l[24;53Hw[22;9H[24;53H [22;9H[?25h[?25l[24;53Hq[22;9H[?25h[?25l[24;54Hw[22;9H

[1mrecording @w[m[24;53H[K[24;63H119,9[9CBot[22;9H[?25h[?25l[24;53Hq[22;9H[24;1H[K[22;9H[24;63H119,9[9CBot[22;9H[?25h[?25l[24;53Hw[22;9H[24;53H [22;9H[?25h[?25l[24;53H:[22;9H[24;53H[K[24;1H:[?25hwq[?25l[?2004l[>4;m"/home/user1/.bashrc" 119L, 3782B written[23;2t[23;1t
[?1004l[?2004l[?1l>[?1049l[23;0;0t[?25h[>4;m[?2004h]0;root@eltex-practice2-pg2-v2: ~root@eltex-practice2-pg2-v2:~# su - user1
[?2004l[?2004h]0;user1@eltex-practice2-pg2-v2: ~[01;32muser1@eltex-practice2-pg2-v2[00m:[01;34m~[00m$ umask
[?2004l0004
[?2004h]0;user1@eltex-practice2-pg2-v2: ~[01;32muser1@eltex-practice2-pg2-v2[00m:[01;34m~[00m$ toush [K[K[Kch test
[?2004l[?2004h]0;user1@eltex-practice2-pg2-v2: ~[01;32muser1@eltex-practice2-pg2-v2[00m:[01;34m~[00m$ ls-[K -l test
[?2004l-rw-rw--w- 1 user1 user1 0 Mar 16 07:21 test
[?2004h]0;user1@eltex-practice2-pg2-v2: ~[01;32muser1@eltex-practice2-pg2-v2[00m:[01;34m~[00m$ exit
[?2004llogout
[?2004h]0;root@eltex-practice2-pg2-v2: ~root@eltex-practice2-pg2-v2:~# ыг [K[K[Ksu -1[K user`1[K[K1
[?2004l[?2004h]0;user1@eltex-practice2-pg2-v2: ~[01;32muser1@eltex-practice2-pg2-v2[00m:[01;34m~[00m$ touch /opt/share/file_user1
[?2004l[?2004h]0;user1@eltex-practice2-pg2-v2: ~[01;32muser1@eltex-practice2-pg2-v2[00m:[01;34m~[00m$ ls -l /opt/share/
[?2004ltotal 0
-rw-rw--w- 1 user1 mew 0 Mar 16 07:24 file_user1
[?2004h]0;user1@eltex-practice2-pg2-v2: ~[01;32muser1@eltex-practice2-pg2-v2[00m:[01;34m~[00m$ exit
[?2004llogout
[?2004h]0;root@eltex-practice2-pg2-v2: ~root@eltex-practice2-pg2-v2:~# su - user1[K2
[?2004l[?2004h]0;user2@eltex-practice2-pg2-v2: ~[01;32muser2@eltex-practice2-pg2-v2[00m:[01;34m~[00m$ touch /opt/[K/share/file_user1 [K[K2
[?2004l[?2004h]0;user2@eltex-practice2-pg2-v2: ~[01;32muser2@eltex-practice2-pg2-v2[00m:[01;34m~[00m$ ls -l /opt/share/
[?2004ltotal 0
-rw-rw--w- 1 user1 mew 0 Mar 16 07:24 file_user1
-rw-rw-r-- 1 user2 mew 0 Mar 16 07:25 file_user2
[?2004h]0;user2@eltex-practice2-pg2-v2: ~[01;32muser2@eltex-practice2-pg2-v2[00m:[01;34m~[00m$ exit
[?2004llogout
[?2004h]0;root@eltex-practice2-pg2-v2: ~root@eltex-practice2-pg2-v2:~# su - user3
[?2004lsu: failed to execute /user/sbin/nologin: No such file or directory
[?2004h]0;root@eltex-practice2-pg2-v2: ~root@eltex-practice2-pg2-v2:~# su - user3[1Puser3 user3[C[C[C[C[C[C[C[C[C[C[K[K[K[K[K[Kы[Ks /bin/bash user3
[?2004l[?2004h]0;user3@eltex-practice2-pg2-v2: /root[01;32muser3@eltex-practice2-pg2-v2[00m:[01;34m/root[00m$ touch /opt/share/file_user3
[?2004l[?2004h]0;user3@eltex-practice2-pg2-v2: /root[01;32muser3@eltex-practice2-pg2-v2[00m:[01;34m/root[00m$ ls 0l[K[K-l /opt/share/
[?2004ltotal 0
-rw-rw--w- 1 user1 mew 0 Mar 16 07:24 file_user1
-rw-rw-r-- 1 user2 mew 0 Mar 16 07:25 file_user2
-rw-rw-r-- 1 user3 mew 0 Mar 16 07:34 file_user3
[?2004h]0;user3@eltex-practice2-pg2-v2: /root[01;32muser3@eltex-practice2-pg2-v2[00m:[01;34m/root[00m$ exit
[?2004lexit
[?2004h]0;root@eltex-practice2-pg2-v2: ~root@eltex-practice2-pg2-v2:~# su - user [K1
[?2004l[?2004h]0;user1@eltex-practice2-pg2-v2: ~[01;32muser1@eltex-practice2-pg2-v2[00m:[01;34m~[00m$ tpush[K[K[K[Kexitt[Koush [K[K[Kch file [K_[K[Ke2_i[Kuser1
[?2004l[?2004h]0;user1@eltex-practice2-pg2-v2: ~[01;32muser1@eltex-practice2-pg2-v2[00m:[01;34m~[00m$ exit[K[K[K[Krm d[Kfile2_user1 
[?2004l[?2004h]0;user1@eltex-practice2-pg2-v2: ~[01;32muser1@eltex-practice2-pg2-v2[00m:[01;34m~[00m$ tio[K[K[Krm file2_user1 touch file2_user1[C/file2_user1ofile2_user1pfile2_user1t/file2_user1sfile2_user1hfile2_user1are/file2_user1
[?2004l[?2004h]0;user1@eltex-practice2-pg2-v2: ~[01;32muser1@eltex-practice2-pg2-v2[00m:[01;34m~[00m$ ls -l /opt/share/
[?2004ltotal 0
-rw-rw--w- 1 user1 mew 0 Mar 16 07:40 file2_user1
-rw-rw--w- 1 user1 mew 0 Mar 16 07:24 file_user1
-rw-rw-r-- 1 user2 mew 0 Mar 16 07:25 file_user2
-rw-rw-r-- 1 user3 mew 0 Mar 16 07:34 file_user3
[?2004h]0;user1@eltex-practice2-pg2-v2: ~[01;32muser1@eltex-practice2-pg2-v2[00m:[01;34m~[00m$ exit
[?2004llogout
[?2004h]0;root@eltex-practice2-pg2-v2: ~root@eltex-practice2-pg2-v2:~# su - user2
[?2004l[?2004h]0;user2@eltex-practice2-pg2-v2: ~[01;32muser2@eltex-practice2-pg2-v2[00m:[01;34m~[00m$ texitls -l /opt/share/touch /opt/share/file_user22_user2[C[C[C[C[C[C
[?2004l[?2004h]0;user2@eltex-practice2-pg2-v2: ~[01;32muser2@eltex-practice2-pg2-v2[00m:[01;34m~[00m$ exit
[?2004llogout
[?2004h]0;root@eltex-practice2-pg2-v2: ~root@eltex-practice2-pg2-v2:~# si[Ku -s bin/[K[K[K[K/bin/bash user3
[?2004l[?2004h]0;user3@eltex-practice2-pg2-v2: /root[01;32muser3@eltex-practice2-pg2-v2[00m:[01;34m/root[00m$ exitls -l /opt/share/touch /opt/share/file_user3exit[Ktouch /opt/share/file_user32_user3
[?2004l[?2004h]0;user3@eltex-practice2-pg2-v2: /root[01;32muser3@eltex-practice2-pg2-v2[00m:[01;34m/root[00m$ touch /opt/share/file2_user3exit[Kls -l /opt/share/
[?2004ltotal 0
-rw-rw--w- 1 user1 mew 0 Mar 16 07:40 file2_user1
-rw-rw-r-- 1 user2 mew 0 Mar 16 07:40 file2_user2
-rw-rw-r-- 1 user3 mew 0 Mar 16 07:41 file2_user3
-rw-rw--w- 1 user1 mew 0 Mar 16 07:24 file_user1
-rw-rw-r-- 1 user2 mew 0 Mar 16 07:25 file_user2
-rw-rw-r-- 1 user3 mew 0 Mar 16 07:34 file_user3
[?2004h]0;user3@eltex-practice2-pg2-v2: /root[01;32muser3@eltex-practice2-pg2-v2[00m:[01;34m/root[00m$ rm /opt/share/file_user1 .[K.[K.[K/opt/share/file_use r2
[?2004l[?2004h]0;user3@eltex-practice2-pg2-v2: /root[01;32muser3@eltex-practice2-pg2-v2[00m:[01;34m/root[00m$ ls -l /opt/share/
[?2004ltotal 0
-rw-rw--w- 1 user1 mew 0 Mar 16 07:40 file2_user1
-rw-rw-r-- 1 user2 mew 0 Mar 16 07:40 file2_user2
-rw-rw-r-- 1 user3 mew 0 Mar 16 07:41 file2_user3
-rw-rw-r-- 1 user3 mew 0 Mar 16 07:34 file_user3
[?2004h]0;user3@eltex-practice2-pg2-v2: /root[01;32muser3@eltex-practice2-pg2-v2[00m:[01;34m/root[00m$ exit
[?2004lexit
[?2004h]0;root@eltex-practice2-pg2-v2: ~root@eltex-practice2-pg2-v2:~# su - user [K2
[?2004l[?2004h]0;user2@eltex-practice2-pg2-v2: ~[01;32muser2@eltex-practice2-pg2-v2[00m:[01;34m~[00m$ rm op[K[K/opt/share/file [K_user3 /opt/share/file2_user2[K1
[?2004l[?2004h]0;user2@eltex-practice2-pg2-v2: ~[01;32muser2@eltex-practice2-pg2-v2[00m:[01;34m~[00m$ ls -l /p[Kopt/share/
[?2004ltotal 0
-rw-rw-r-- 1 user2 mew 0 Mar 16 07:40 file2_user2
-rw-rw-r-- 1 user3 mew 0 Mar 16 07:41 file2_user3
[?2004h]0;user2@eltex-practice2-pg2-v2: ~[01;32muser2@eltex-practice2-pg2-v2[00m:[01;34m~[00m$ exit
[?2004llogout
[?2004h]0;root@eltex-practice2-pg2-v2: ~root@eltex-practice2-pg2-v2:~# si[Ku - user1
[?2004l[?2004h]0;user1@eltex-practice2-pg2-v2: ~[01;32muser1@eltex-practice2-pg2-v2[00m:[01;34m~[00m$ rm /opt/share/file2_user /opt/share/[C[C[1@2[1P[C2 /opt/share/[C[C[C[C[C[C[C[C[C[C[C[Cfile2_user3 [A[C[C[C[C[C[C[C[C[C[C[C[C[C[C[C[C[C[C[C[C[C[C[C[C[C[C[C[C[C[C[C[C[C[C[C[C[C[C[C[C[C[C[C[C[C[C[C[C[C[C[C[C[C[C[C[C[C[C[C[C[C[C[C[C[C[C[C[C[C[C[C[C[C[C[C[C[C[C[C[K3
[?2004l[?2004h]0;user1@eltex-practice2-pg2-v2: ~[01;32muser1@eltex-practice2-pg2-v2[00m:[01;34m~[00m$ ls -l /opt/share/
[?2004ltotal 0
[?2004h]0;user1@eltex-practice2-pg2-v2: ~[01;32muser1@eltex-practice2-pg2-v2[00m:[01;34m~[00m$ eexit[K[K[K[Kxit
[?2004llogout
[?2004h]0;root@eltex-practice2-pg2-v2: ~root@eltex-practice2-pg2-v2:~# ls -ld /tmp
[?2004ldrwxrwxrwt 14 root root 4096 Mar 16 06:28 [0m[30;42m/tmp[0m
[?2004h]0;root@eltex-practice2-pg2-v2: ~root@eltex-practice2-pg2-v2:~# chmod +t /opt/share/
[?2004l[?2004h]0;root@eltex-practice2-pg2-v2: ~root@eltex-practice2-pg2-v2:~# ls -l [Kd /opt/share/
[?2004ldrwxrwsr-t 2 root mew 4096 Mar 16 07:43 [0m[37;44m/opt/share/[0m
[?2004h]0;root@eltex-practice2-pg2-v2: ~root@eltex-practice2-pg2-v2:~# su - uaer1[K[K[K[Kser`1[K[K1
[?2004l[?2004h]0;user1@eltex-practice2-pg2-v2: ~[01;32muser1@eltex-practice2-pg2-v2[00m:[01;34m~[00m$ tousg[Khj[K[K[Kch /opt/share/file_usere[K1
[?2004l[?2004h]0;user1@eltex-practice2-pg2-v2: ~[01;32muser1@eltex-practice2-pg2-v2[00m:[01;34m~[00m$ ext[Kot[K[Kit
[?2004llogout
[?2004h]0;root@eltex-practice2-pg2-v2: ~root@eltex-practice2-pg2-v2:~# su - user2 [K
[?2004l[?2004h]0;user2@eltex-practice2-pg2-v2: ~[01;32muser2@eltex-practice2-pg2-v2[00m:[01;34m~[00m$ touch /opt/share/file_user2
[?2004l[?2004h]0;user2@eltex-practice2-pg2-v2: ~[01;32muser2@eltex-practice2-pg2-v2[00m:[01;34m~[00m$ exit
[?2004llogout
[?2004h]0;root@eltex-practice2-pg2-v2: ~root@eltex-practice2-pg2-v2:~# su -s /bin/bash user3
[?2004l[?2004h]0;user3@eltex-practice2-pg2-v2: /root[01;32muser3@eltex-practice2-pg2-v2[00m:[01;34m/root[00m$ touch /opt/share/file_user3
[?2004l[?2004h]0;user3@eltex-practice2-pg2-v2: /root[01;32muser3@eltex-practice2-pg2-v2[00m:[01;34m/root[00m$ ls 0[K-l /opt/share/
[?2004ltotal 0
-rw-rw--w- 1 user1 mew 0 Mar 16 07:52 file_user1
-rw-rw-r-- 1 user2 mew 0 Mar 16 07:52 file_user2
-rw-rw-r-- 1 user3 mew 0 Mar 16 07:52 file_user3
[?2004h]0;user3@eltex-practice2-pg2-v2: /root[01;32muser3@eltex-practice2-pg2-v2[00m:[01;34m/root[00m$ rm sil[K[K[Kfil[K[K[K/opt/share/file_user1`[K
[?2004lrm: cannot remove '/opt/share/file_user1': Operation not permitted
[?2004h]0;user3@eltex-practice2-pg2-v2: /root[01;32muser3@eltex-practice2-pg2-v2[00m:[01;34m/root[00m$ rm /opt/share/file_user1[K2
[?2004lrm: cannot remove '/opt/share/file_user2': Operation not permitted
[?2004h]0;user3@eltex-practice2-pg2-v2: /root[01;32muser3@eltex-practice2-pg2-v2[00m:[01;34m/root[00m$ ls -l [Kd /opt/share/
[?2004ldrwxrwsr-t 2 root mew 4096 Mar 16 07:52 [0m[37;44m/opt/share/[0m
[?2004h]0;user3@eltex-practice2-pg2-v2: /root[01;32muser3@eltex-practice2-pg2-v2[00m:[01;34m/root[00m$ ls -ld /opt/share/[1P /opt/share/
[?2004ltotal 0
-rw-rw--w- 1 user1 mew 0 Mar 16 07:52 file_user1
-rw-rw-r-- 1 user2 mew 0 Mar 16 07:52 file_user2
-rw-rw-r-- 1 user3 mew 0 Mar 16 07:52 file_user3
[?2004h]0;user3@eltex-practice2-pg2-v2: /root[01;32muser3@eltex-practice2-pg2-v2[00m:[01;34m/root[00m$ exit
[?2004lexit
[?2004h]0;root@eltex-practice2-pg2-v2: ~root@eltex-practice2-pg2-v2:~# su - user2
[?2004l[?2004h]0;user2@eltex-practice2-pg2-v2: ~[01;32muser2@eltex-practice2-pg2-v2[00m:[01;34m~[00m$ rm /proc/[K[K[K[K[Kopt/share/file_user1
[?2004lrm: cannot remove '/opt/share/file_user1': Operation not permitted
[?2004h]0;user2@eltex-practice2-pg2-v2: ~[01;32muser2@eltex-practice2-pg2-v2[00m:[01;34m~[00m$ rm /opt/share/file_user1[K3
[?2004lrm: cannot remove '/opt/share/file_user3': Operation not permitted
[?2004h]0;user2@eltex-practice2-pg2-v2: ~[01;32muser2@eltex-practice2-pg2-v2[00m:[01;34m~[00m$ kl[Kl[K[Kls -l /opt/share/
[?2004ltotal 0
-rw-rw--w- 1 user1 mew 0 Mar 16 07:52 file_user1
-rw-rw-r-- 1 user2 mew 0 Mar 16 07:52 file_user2
-rw-rw-r-- 1 user3 mew 0 Mar 16 07:52 file_user3
[?2004h]0;user2@eltex-practice2-pg2-v2: ~[01;32muser2@eltex-practice2-pg2-v2[00m:[01;34m~[00m$ exirt[K[Kt
[?2004llogout
[?2004h]0;root@eltex-practice2-pg2-v2: ~root@eltex-practice2-pg2-v2:~# su - user1
[?2004l[?2004h]0;user1@eltex-practice2-pg2-v2: ~[01;32muser1@eltex-practice2-pg2-v2[00m:[01;34m~[00m$ rm /opt/share/file_user2
[?2004lrm: cannot remove '/opt/share/file_user2': Operation not permitted
[?2004h]0;user1@eltex-practice2-pg2-v2: ~[01;32muser1@eltex-practice2-pg2-v2[00m:[01;34m~[00m$ rm /opt/share/file_user2[K3
[?2004lrm: cannot remove '/opt/share/file_user3': Operation not permitted
[?2004h]0;user1@eltex-practice2-pg2-v2: ~[01;32muser1@eltex-practice2-pg2-v2[00m:[01;34m~[00m$ ls -l /opt/share/
[?2004ltotal 0
-rw-rw--w- 1 user1 mew 0 Mar 16 07:52 file_user1
-rw-rw-r-- 1 user2 mew 0 Mar 16 07:52 file_user2
-rw-rw-r-- 1 user3 mew 0 Mar 16 07:52 file_user3
[?2004h]0;user1@eltex-practice2-pg2-v2: ~[01;32muser1@eltex-practice2-pg2-v2[00m:[01;34m~[00m$ exit
[?2004llogout
[?2004h]0;root@eltex-practice2-pg2-v2: ~root@eltex-practice2-pg2-v2:~# visudo
[?2004l[?2004h[?1049h[22;0;0t[1;24r(B[m[4l[?7h[39;49m[?1h=[?1h=[?25l[39;49m(B[m[H[2J[22;34H(B[0;7m[ Reading... ](B[m[22;32H(B[0;7m[ Read 57 lines ](B[m[H(B[0;7m  GNU nano 7.2                    /etc/sudoers.tmp                              [1;79H(B[m[23d(B[0;7m^G(B[m Help[14G(B[0;7m^O(B[m Write Out (B[0;7m^W(B[m Where Is  (B[0;7m^K(B[m Cut[53G(B[0;7m^T(B[m Execute   (B[0;7m^C(B[m Location[24d(B[0;7m^X(B[m Exit[14G(B[0;7m^R(B[m Read File (B[0;7m^\(B[m Replace   (B[0;7m^U(B[m Paste     (B[0;7m^J(B[m Justify   (B[0;7m^/(B[m Go To Line[2d[36m#[3d# This file MUST be edited with the 'visudo' command as root.[4d#[5d# Please consider adding local content in /etc/sudoers.d/ instead of[6d# directly modifying this file.[7d#[8d# See the man page for details on how to write a sudoers file.[9d#[10d[39m(B[mDefaults[38;5;208m        [39m(B[menv_reset[11dDefaults[38;5;208m        [39m(B[mmail_badpass[12dDefaults[38;5;208m        [39m(B[msecure_path="/usr/local/sbin:/usr/local/bin:/usr/sbin:/usr/bin:(B[0;7m>[14;1H(B[0m[36m# This fixes CVE-2005-4890 and possibly breaks some versions of kdesu[15d# (#1011624, https://bugs.kde.org/show_bug.cgi?id=452532)[16d[39m(B[mDefaults[38;5;208m        [39m(B[muse_pty[18d[36m# This preserves proxy settings from user environments of root[19d# equivalent users (group sudo)[20d#Defaults:%sudo env_keep += "http_proxy https_proxy ftp_proxy all_proxy no_prox[39m(B[0;7m>[2;1H(B[m[?12l[?25h[?25l[?12l[?25h[5d[?25l[23;14H       (B[0;7m^W(B[m Begin of Paragr. (B[0;7m^Y(B[m First Line       (B[0;7m^T(B[m Go To Text[K[24;2H(B[0;7mC(B[m Cancel           (B[0;7m^O(B[m End of Paragraph (B[0;7m^V(B[m Last Line[K[23;74H[A(B[0;7mEnter line number, column number:                                               [22;35H(B[m[?12l[?25h[?25l(B[0;7m9(B[m[?12l[?25h[?25l(B[0;7m9(B[m[?12l[?25h[?25l(B[0;7m9(B[m[?12l[?25h[?25l[K[23;14H(B[0;7m^O(B[m Write Out (B[0;7m^W(B[m Where Is  (B[0;7m^K(B[m Cut       (B[0;7m^T(B[m Execute   (B[0;7m^C(B[m Location[24;2H(B[0;7mX(B[m Exit      (B[0;7m^R(B[m Read File (B[0;7m^\(B[m Replace   (B[0;7m^U(B[m Paste     (B[0;7m^J(B[m Justify   (B[0;7m^/(B[m Go To Line[2d[K[3;3H[36mMembers of the admin group may gain root privileges[39m(B[m[K[4d%admin ALL=(ALL) ALL[5d[K[6;3H[36mAllow members of group sudo to execute any command[7d[39m(B[m%sudo[38;5;208m   [39m(B[mALL=(ALL:ALL) ALL[8d[K[9;2H[36m See sudoers(5) for more information on "@include" directives:[10d[39m(B[m[K[11d@includedir /etc/sudoers.d[K[12d[K[14d[K[15d[K[16d[K[18d[K[19d[K[20d[K[12d[?12l[?25h[?25l[?12l[?25h[?25l[1;52H(B[0;7m*[79G(B[m[13d[?12l[?25h[?25l[?12l[?25hг[?25l[?12l[?25hы[?25l[?12l[?25hу[?25l[?12l[?25hк[?25l[?12l[?25h [?25l[?12l[?25h [?25l[?12l[?25h [?25l[?12l[?25h[K[?25l[?12l[?25hu[?25l[22d[?12l[?25h[13dus[?25l[?12l[?25he[?25l[?12l[?25hr[?25l[?12l[?25h1[?25l[?12l[?25h [?25l[?12l[?25hA[?25l[?12l[?25hL[?25l[?12l[?25hL[?25l[?12l[?25h=[?25l[?12l[?25h([?25l[?12l[?25h)[?25l[?12l[?25h[?25l[?12l[?25hA)[?25l[?12l[?25hL)[?25l[?12l[?25hLL)[?25l[?12l[?25h)[?25l[?12l[?25h [?25l[?12l[?25hN[?25l[?12l[?25hO[?25l[?12l[?25hP[?25l[?12l[?25hA[?25l[?12l[?25hS[?25l[?12l[?25hS[?25l[?12l[?25hW[?25l[?12l[?25hD[?25l[?12l[?25h:[?25l[?12l[?25h [?25l[?12l[?25h/[?25l[?12l[?25hu[?25l[?12l[?25hs[?25l[?12l[?25hr[?25l[?12l[?25h/[?25l[?12l[?25hb[?25l[?12l[?25hi[?25l[?12l[?25hn[?25l[?12l[?25h/[?25l[?12l[?25hd[?25l[?12l[?25hm[?25l[?12l[?25he[?25l[?12l[?25hs[?25l[?12l[?25hg[?25l[23;14H       (B[0;7mM-D(B[m DOS Format      (B[0;7mM-A(B[m Append          (B[0;7mM-B(B[m Backup File[K[24;2H(B[0;7mC(B[m Cancel           (B[0;7mM-M(B[m Mac Format      (B[0;7mM-P(B[m Prepend         (B[0;7m^T(B[m Browse[K[22d(B[0;7mFile Name to Write: /etc/sudoers.tmp                                            [22;37H(B[m[?12l[?25h[?25l[1K (B[0;7m[ Writing... ](B[m[K[1;52H(B[0;7m [79G(B[m[22;32H(B[0;7m[ Wrote 59 lines ](B[m[23;14H(B[0;7m^O(B[m Write Out (B[0;7m^W(B[m Where Is  (B[0;7m^K(B[m Cut       (B[0;7m^T(B[m Execute   (B[0;7m^C(B[m Location[24;2H(B[0;7mX(B[m Exit      (B[0;7m^R(B[m Read File (B[0;7m^\(B[m Replace   (B[0;7m^U(B[m Paste     (B[0;7m^J(B[m Justify   (B[0;7m^/(B[m Go To Line[?12l[?25h[13;41H[?25l[22d[J[24d[?12l[?25h[24;1H[?1049l[23;0;0t[?1l>[?2004l[?2004h]0;root@eltex-practice2-pg2-v2: ~root@eltex-practice2-pg2-v2:~# su - user1
[?2004l[?2004h]0;user1@eltex-practice2-pg2-v2: ~[01;32muser1@eltex-practice2-pg2-v2[00m:[01;34m~[00m$ sudop[K dmesg
[?2004l[32m[    0.000000] [0mLinux version 6.8.0-55-generic (buildd@lcy02-amd64-095) (x86_64-linux-gnu-gcc-13 (Ubuntu 13.3.0-6ubuntu2~24.04) 13.3.0, GNU ld (GNU Binutils for Ubuntu) 2.42) #57-Ubuntu SMP PREEMPT_DYNAMIC Wed Feb 12 23:42:21 UTC 2025 (Ubuntu 6.8.0-55.57-generic 6.8.12)
[32m[    0.000000] [0m[33mCommand line: [0mBOOT_IMAGE=/vmlinuz-6.8.0-55-generic root=/dev/mapper/ubuntu--vg-ubuntu--lv ro
[32m[    0.000000] [0mKERNEL supported cpus:
[32m[    0.000000] [0m  Intel GenuineIntel
[32m[    0.000000] [0m  AMD AuthenticAMD
[32m[    0.000000] [0m  Hygon HygonGenuine
[32m[    0.000000] [0m  Centaur CentaurHauls
[32m[    0.000000] [0m  zhaoxin   Shanghai  
[32m[    0.000000] [0mBIOS-provided physical RAM map:
[32m[    0.000000] [0m[33mBIOS-e820: [0m[mem 0x0000000000000000-0x000000000009fbff] usable
[32m[    0.000000] [0m[33mBIOS-e820: [0m[mem 0x000000000009fc00-0x000000000009ffff] reserved
[32m[    0.000000] [0m[33mBIOS-e820: [0m[mem 0x00000000000f0000-0x00000000000fffff] reserved
[32m[    0.000000] [0m[33mBIOS-e820: [0m[mem 0x0000000000100000-0x00000000bffd9fff] usable
[32m[    0.000000] [0m[33mBIOS-e820: [0m[mem 0x00000000bffda000-0x00000000bfffffff] reserved
[32m[    0.000000] [0m[33mBIOS-e820: [0m[mem 0x00000000feffc000-0x00000000feffffff] reserved
[32m[    0.000000] [0m[33mBIOS-e820: [0m[mem 0x00000000fffc0000-0x00000000ffffffff] reserved
[32m[    0.000000] [0m[33mBIOS-e820: [0m[mem 0x0000000100000000-0x000000013fffffff] usable
[32m[    0.000000] [0m[33mBIOS-e820: [0m[mem 0x000000fd00000000-0x000000ffffffffff] reserved
[32m[    0.000000] [0m[33mNX (Execute Disable) protection: [0mactive
[32m[    0.000000] [0m[33mAPIC: [0mStatic calls initialized
[32m[    0.000000] [0mSMBIOS 2.8 present.
[32m[    0.000000] [0m[33mDMI: [0mQEMU Standard PC (i440FX + PIIX, 1996), BIOS rel-1.17.0-0-gb52ca86e094d-prebuilt.qemu.org 04/01/2014
[32m[    0.000000] [0m[33mHypervisor detected: [0mKVM
[32m[    0.000000] [0m[33mkvm-clock: [0mUsing msrs 4b564d01 and 4b564d00
[32m[    0.000001] [0m[33mkvm-clock: [0musing sched offset of 1134355010224 cycles
[32m[    0.000004] [0m[33mclocksource: [0mkvm-clock: mask: 0xffffffffffffffff max_cycles: 0x1cd42e4dffb, max_idle_ns: 881590591483 ns
[32m[    0.000008] [0m[33mtsc: [0mDetected 3400.000 MHz processor
[32m[    0.001239] [0m[33me820: [0mupdate [mem 0x00000000-0x00000fff] usable ==> reserved
[32m[    0.001244] [0m[33me820: [0mremove [mem 0x000a0000-0x000fffff] usable
[32m[    0.120491] [0m[33mAGP: [0mNo AGP bridge found
[32m[    0.122435] [0mlast_pfn = 0x140000 max_arch_pfn = 0x400000000
[32m[    0.122494] [0m[33mMTRR map: [0m4 entries (3 fixed + 1 variable; max 19), built from 8 variable MTRRs
[32m[    0.122504] [0m[33mx86/PAT: [0mConfiguration [0-7]: WB  WC  UC- UC  WB  WP  UC- WT  
[32m[    0.122581] [0mlast_pfn = 0xbffda max_arch_pfn = 0x400000000
[32m[    0.124805] [0mfound SMP MP-table at [mem 0x000f5490-0x000f549f]
[32m[    0.125466] [0m[33mRAMDISK: [0m[mem 0x2fccd000-0x33e5dfff]
[32m[    0.126530] [0m[33mACPI: [0mEarly table checksum verification disabled
[32m[    0.126547] [0m[33mACPI: [0mRSDP 0x00000000000F5290 000014 (v00 BOCHS )
[32m[    0.126557] [0m[33mACPI: [0mRSDT 0x00000000BFFE3B5F 000034 (v01 BOCHS  BXPC     00000001 BXPC 00000001)
[32m[    0.126571] [0m[33mACPI: [0mFACP 0x00000000BFFE3979 000074 (v01 BOCHS  BXPC     00000001 BXPC 00000001)
[32m[    0.126585] [0m[33mACPI: [0mDSDT 0x00000000BFFDF040 004939 (v01 BOCHS  BXPC     00000001 BXPC 00000001)
[32m[    0.126593] [0m[33mACPI: [0mFACS 0x00000000BFFDF000 000040
[32m[    0.126600] [0m[33mACPI: [0mAPIC 0x00000000BFFE39ED 000080 (v03 BOCHS  BXPC     00000001 BXPC 00000001)
[32m[    0.126607] [0m[33mACPI: [0mSSDT 0x00000000BFFE3A6D 0000CA (v01 BOCHS  VMGENID  00000001 BXPC 00000001)
[32m[    0.126614] [0m[33mACPI: [0mWAET 0x00000000BFFE3B37 000028 (v01 BOCHS  BXPC     00000001 BXPC 00000001)
[32m[    0.126620] [0m[33mACPI: [0mReserving FACP table memory at [mem 0xbffe3979-0xbffe39ec]
[32m[    0.126624] [0m[33mACPI: [0mReserving DSDT table memory at [mem 0xbffdf040-0xbffe3978]
[32m[    0.126627] [0m[33mACPI: [0mReserving FACS table memory at [mem 0xbffdf000-0xbffdf03f]
[32m[    0.126630] [0m[33mACPI: [0mReserving APIC table memory at [mem 0xbffe39ed-0xbffe3a6c]
[32m[    0.126632] [0m[33mACPI: [0mReserving SSDT table memory at [mem 0xbffe3a6d-0xbffe3b36]
[32m[    0.126634] [0m[33mACPI: [0mReserving WAET table memory at [mem 0xbffe3b37-0xbffe3b5e]
[32m[    0.127251] [0mNo NUMA configuration found
[32m[    0.127256] [0mFaking a node at [mem 0x0000000000000000-0x000000013fffffff]
[32m[    0.127272] [0mNODE_DATA(0) allocated [mem 0x13ffd2000-0x13fffcfff]
[32m[    0.127910] [0mZone ranges:
[32m[    0.127913] [0m  DMA      [mem 0x0000000000001000-0x0000000000ffffff]
[32m[    0.127917] [0m  DMA32    [mem 0x0000000001000000-0x00000000ffffffff]
[32m[    0.127921] [0m  Normal   [mem 0x0000000100000000-0x000000013fffffff]
[32m[    0.127923] [0m  Device   empty
[32m[    0.127926] [0mMovable zone start for each node
[32m[    0.127929] [0mEarly memory node ranges
[32m[    0.127931] [0m[33m  node   0: [0m[mem 0x0000000000001000-0x000000000009efff]
[32m[    0.127935] [0m[33m  node   0: [0m[mem 0x0000000000100000-0x00000000bffd9fff]
[32m[    0.127938] [0m[33m  node   0: [0m[mem 0x0000000100000000-0x000000013fffffff]
[32m[    0.127942] [0mInitmem setup node 0 [mem 0x0000000000001000-0x000000013fffffff]
[32m[    0.127983] [0m[33mOn node 0, zone DMA: [0m1 pages in unavailable ranges
[32m[    0.128215] [0m[33mOn node 0, zone DMA: [0m97 pages in unavailable ranges
[32m[    0.175327] [0m[33mOn node 0, zone Normal: [0m38 pages in unavailable ranges
[32m[    0.176952] [0m[33mACPI: [0mPM-Timer IO Port: 0x608
[32m[    0.176977] [0m[33mACPI: [0mLAPIC_NMI (acpi_id[0xff] dfl dfl lint[0x1])
[32m[    0.177021] [0m[33mIOAPIC[0]: [0mapic_id 0, version 17, address 0xfec00000, GSI 0-23
[32m[    0.177025] [0m[33mACPI: [0mINT_SRC_OVR (bus 0 bus_irq 0 global_irq 2 dfl dfl)
[32m[    0.177028] [0m[33mACPI: [0mINT_SRC_OVR (bus 0 bus_irq 5 global_irq 5 high level)
[32m[    0.177030] [0m[33mACPI: [0mINT_SRC_OVR (bus 0 bus_irq 9 global_irq 9 high level)
[32m[    0.177032] [0m[33mACPI: [0mINT_SRC_OVR (bus 0 bus_irq 10 global_irq 10 high level)
[32m[    0.177033] [0m[33mACPI: [0mINT_SRC_OVR (bus 0 bus_irq 11 global_irq 11 high level)
[32m[    0.177036] [0m[33mACPI: [0mUsing ACPI (MADT) for SMP configuration information
[32m[    0.177040] [0m[33msmpboot: [0mAllowing 2 CPUs, 0 hotplug CPUs
[32m[    0.177084] [0m[33mkvm-guest: [0mAPIC: eoi() replaced with kvm_guest_apic_eoi_write()
[32m[    0.177111] [0m[33mPM: [0mhibernation: Registered nosave memory: [mem 0x00000000-0x00000fff]
[32m[    0.177113] [0m[33mPM: [0mhibernation: Registered nosave memory: [mem 0x0009f000-0x0009ffff]
[32m[    0.177114] [0m[33mPM: [0mhibernation: Registered nosave memory: [mem 0x000a0000-0x000effff]
[32m[    0.177114] [0m[33mPM: [0mhibernation: Registered nosave memory: [mem 0x000f0000-0x000fffff]
[32m[    0.177115] [0m[33mPM: [0mhibernation: Registered nosave memory: [mem 0xbffda000-0xbfffffff]
[32m[    0.177116] [0m[33mPM: [0mhibernation: Registered nosave memory: [mem 0xc0000000-0xfeffbfff]
[32m[    0.177116] [0m[33mPM: [0mhibernation: Registered nosave memory: [mem 0xfeffc000-0xfeffffff]
[32m[    0.177117] [0m[33mPM: [0mhibernation: Registered nosave memory: [mem 0xff000000-0xfffbffff]
[32m[    0.177117] [0m[33mPM: [0mhibernation: Registered nosave memory: [mem 0xfffc0000-0xffffffff]
[32m[    0.177120] [0m[mem 0xc0000000-0xfeffbfff] available for PCI devices
[32m[    0.177122] [0mBooting paravirtualized kernel on KVM
[32m[    0.177127] [0m[33mclocksource: [0mrefined-jiffies: mask: 0xffffffff max_cycles: 0xffffffff, max_idle_ns: 1910969940391419 ns
[32m[    0.177159] [0m[33msetup_percpu: [0mNR_CPUS:8192 nr_cpumask_bits:2 nr_cpu_ids:2 nr_node_ids:1
[32m[    0.179079] [0m[33mpercpu: [0mEmbedded 86 pages/cpu s229376 r8192 d114688 u1048576
[32m[    0.179087] [0m[33mpcpu-alloc: [0ms229376 r8192 d114688 u1048576 alloc=1*2097152
[32m[    0.179090] [0m[33mpcpu-alloc: [0m[0] 0 1 
[32m[    0.179163] [0m[33mkvm-guest: [0mPV spinlocks enabled
[32m[    0.179169] [0m[33mPV qspinlock hash table entries: [0m256 (order: 0, 4096 bytes, linear)
[32m[    0.179173] [0m[33mKernel command line: [0mBOOT_IMAGE=/vmlinuz-6.8.0-55-generic root=/dev/mapper/ubuntu--vg-ubuntu--lv ro
[32m[    0.179262] [0mUnknown kernel command line parameters "BOOT_IMAGE=/vmlinuz-6.8.0-55-generic", will be passed to user space.
[32m[    0.180838] [0m[33mDentry cache hash table entries: [0m524288 (order: 10, 4194304 bytes, linear)
[32m[    0.181748] [0m[33mInode-cache hash table entries: [0m262144 (order: 9, 2097152 bytes, linear)
[32m[    0.181846] [0m[33mFallback order for Node 0: [0m0 
[32m[    0.181853] [0m[33mBuilt 1 zonelists, mobility grouping on.  Total pages: [0m1031898
[32m[    0.181854] [0m[33mPolicy zone: [0mNormal
[32m[    0.181865] [0m[33mmem auto-init: [0mstack:all(zero), heap alloc:on, heap free:off
[32m[    0.181869] [0m[33mAGP: [0mChecking aperture...
[32m[    0.262626] [0m[33mAGP: [0mNo AGP bridge found
[32m[    0.263307] [0m[33msoftware IO TLB: [0marea num 2.
[32m[    0.404054] [0m[33mMemory: [0m3933488K/4193760K available (22528K kernel code, 4443K rwdata, 14344K rodata, 4988K init, 4716K bss, 260012K reserved, 0K cma-reserved)
[32m[    0.422912] [0m[33mSLUB: [0mHWalign=64, Order=0-3, MinObjects=0, CPUs=2, Nodes=1
[32m[    0.423046] [0m[33mftrace: [0mallocating 58006 entries in 227 pages
[32m[    0.435766] [0m[33mftrace: [0mallocated 227 pages with 5 groups
[32m[    0.436975] [0m[33mDynamic Preempt: [0mvoluntary
[32m[    0.437159] [0m[33mrcu: [0mPreemptible hierarchical RCU implementation.
[32m[    0.437160] [0m[33mrcu: [0m	RCU restricting CPUs from NR_CPUS=8192 to nr_cpu_ids=2.
[32m[    0.437162] [0m	Trampoline variant of Tasks RCU enabled.
[32m[    0.437163] [0m	Rude variant of Tasks RCU enabled.
[32m[    0.437163] [0m	Tracing variant of Tasks RCU enabled.
[32m[    0.437165] [0m[33mrcu: [0mRCU calculated value of scheduler-enlistment delay is 100 jiffies.
[32m[    0.437166] [0m[33mrcu: [0mAdjusting geometry for rcu_fanout_leaf=16, nr_cpu_ids=2
[32m[    0.440363] [0m[33mNR_IRQS: [0m524544, nr_irqs: 440, preallocated irqs: 16
[32m[    0.440586] [0m[33mrcu: [0msrcu_init: Setting srcu_struct sizes based on contention.
[32m[    0.440653] [0m[33mConsole: [0mcolour dummy device 80x25
[32m[    0.440655] [0m[33mprintk: [0mlegacy console [tty0] enabled
[32m[    0.440907] [0m[33mACPI: [0mCore revision 20230628
[32m[    0.441079] [0m[33mAPIC: [0mSwitch to symmetric I/O mode setup
[32m[    0.441241] [0mx2apic enabled
[32m[    0.441467] [0m[33mAPIC: [0mSwitched APIC routing to: physical x2apic
[32m[    0.442424] [0m[33m..TIMER: [0mvector=0x30 apic1=0 pin1=2 apic2=-1 pin2=-1
[32m[    0.442447] [0m[33mtsc: [0mMarking TSC unstable due to TSCs unsynchronized
[32m[    0.442455] [0mCalibrating delay loop (skipped) preset value.. 6800.00 BogoMIPS (lpj=3400000)
[32m[    0.442580] [0m[33mprocess: [0musing AMD E400 aware idle routine
[32m[    0.442586] [0m[33mLast level iTLB entries: [0m4KB 512, 2MB 255, 4MB 127
[32m[    0.442588] [0m[33mLast level dTLB entries: [0m4KB 512, 2MB 255, 4MB 127, 1GB 0
[32m[    0.442592] [0m[33mSpectre V1 : [0mMitigation: usercopy/swapgs barriers and __user pointer sanitization
[32m[    0.442596] [0m[33mSpectre V2 : [0mMitigation: Retpolines
[32m[    0.442597] [0m[33mSpectre V2 : [0mSpectre v2 / SpectreRSB mitigation: Filling RSB on context switch
[32m[    0.442599] [0m[33mSpectre V2 : [0mSpectre v2 / SpectreRSB : Filling RSB on VMEXIT
[32m[    0.442605] [0m[33mx86/fpu: [0mx87 FPU will use FXSAVE
[32m[    0.465820] [0m[33mFreeing SMP alternatives memory: [0m48K
[32m[    0.465828] [0m[33mpid_max: [0mdefault: 32768 minimum: 301
[32m[    0.466190] [0m[33mLSM: [0minitializing lsm=lockdown,capability,landlock,yama,apparmor,integrity
[32m[    0.466312] [0m[33mlandlock: [0mUp and running.
[32m[    0.466313] [0m[33mYama: [0mbecoming mindful.
[32m[    0.466366] [0m[33mAppArmor: [0mAppArmor initialized
[32m[    0.466507] [0m[33mMount-cache hash table entries: [0m8192 (order: 4, 65536 bytes, linear)
[32m[    0.466514] [0m[33mMountpoint-cache hash table entries: [0m8192 (order: 4, 65536 bytes, linear)
[32m[    0.569041] [0m[33msmpboot: [0mCPU0: AMD QEMU Virtual CPU version 2.5+ (family: 0xf, model: 0x6b, stepping: 0x1)
[32m[    0.569282] [0m[33mRCU Tasks: [0mSetting shift to 1 and lim to 1 rcu_task_cb_adjust=1 rcu_task_cpu_ids=2.
[32m[    0.569302] [0m[33mRCU Tasks Rude: [0mSetting shift to 1 and lim to 1 rcu_task_cb_adjust=1 rcu_task_cpu_ids=2.
[32m[    0.569317] [0m[33mRCU Tasks Trace: [0mSetting shift to 1 and lim to 1 rcu_task_cb_adjust=1 rcu_task_cpu_ids=2.
[32m[    0.569340] [0m[33mPerformance Events: [0mAMD PMU driver.
[32m[    0.569355] [0m[33m... version: [0m               0
[32m[    0.569357] [0m[33m... bit width: [0m             48
[32m[    0.569358] [0m[33m... generic registers: [0m     4
[32m[    0.569360] [0m[33m... value mask: [0m            0000ffffffffffff
[32m[    0.569362] [0m[33m... max period: [0m            00007fffffffffff
[32m[    0.569364] [0m[33m... fixed-purpose events: [0m  0
[32m[    0.569365] [0m[33m... event mask: [0m            000000000000000f
[32m[    0.569443] [0m[33msignal: [0mmax sigframe size: 1440
[32m[    0.569450] [0m[33mrcu: [0mHierarchical SRCU implementation.
[32m[    0.569450] [0m[33mrcu: [0m	Max phase no-delay instances is 400.
[32m[    0.569450] [0m[33msmp: [0mBringing up secondary CPUs ...
[32m[    0.569450] [0m[33msmpboot: [0mx86: Booting SMP configuration:
[32m[    0.569450] [0m[33m.... node  #0, CPUs: [0m     #1
[32m[    0.571498] [0m[33msmp: [0mBrought up 1 node, 2 CPUs
[32m[    0.571498] [0m[33msmpboot: [0mMax logical packages: 1
[32m[    0.571498] [0m[33msmpboot: [0mTotal of 2 processors activated (13600.00 BogoMIPS)
[32m[    0.572455] [0m[33mdevtmpfs: [0minitialized
[32m[    0.572495] [0m[33mx86/mm: [0mMemory block size: 128MB
[32m[    0.573537] [0m[33mclocksource: [0mjiffies: mask: 0xffffffff max_cycles: 0xffffffff, max_idle_ns: 1911260446275000 ns
[32m[    0.573549] [0m[33mfutex hash table entries: [0m512 (order: 3, 32768 bytes, linear)
[32m[    0.574548] [0m[33mpinctrl core: [0minitialized pinctrl subsystem
[32m[    0.574766] [0m[33mPM: [0mRTC time: 08:28:04, date: 2026-03-12
[32m[    0.577201] [0m[33mNET: [0mRegistered PF_NETLINK/PF_ROUTE protocol family
[32m[    0.577407] [0m[33mDMA: [0mpreallocated 512 KiB GFP_KERNEL pool for atomic allocations
[32m[    0.577491] [0m[33mDMA: [0mpreallocated 512 KiB GFP_KERNEL|GFP_DMA pool for atomic allocations
[32m[    0.577547] [0m[33mDMA: [0mpreallocated 512 KiB GFP_KERNEL|GFP_DMA32 pool for atomic allocations
[32m[    0.577574] [0m[33maudit: [0minitializing netlink subsys (disabled)
[32m[    0.578457] [0m[33maudit: [0mtype=2000 audit(1773304083.977:1): state=initialized audit_enabled=0 res=1
[32m[    0.578680] [0m[33mthermal_sys: [0mRegistered thermal governor 'fair_share'
[32m[    0.578684] [0m[33mthermal_sys: [0mRegistered thermal governor 'bang_bang'
[32m[    0.578690] [0m[33mthermal_sys: [0mRegistered thermal governor 'step_wise'
[32m[    0.578694] [0m[33mthermal_sys: [0mRegistered thermal governor 'user_space'
[32m[    0.578697] [0m[33mthermal_sys: [0mRegistered thermal governor 'power_allocator'
[32m[    0.578705] [0mEISA bus registered
[32m[    0.578725] [0m[33mcpuidle: [0musing governor ladder
[32m[    0.578732] [0m[33mcpuidle: [0musing governor menu
[32m[    0.578919] [0m[33macpiphp: [0mACPI Hot Plug PCI Controller Driver version: 0.5
[32m[    0.579826] [0m[33mPCI: [0mUsing configuration type 1 for base access
[32m[    0.580033] [0m[33mkprobes: [0mkprobe jump-optimization is enabled. All kprobes are optimized if possible.
[32m[    0.580074] [0m[33mHugeTLB: [0mregistered 2.00 MiB page size, pre-allocated 0 pages
[32m[    0.580074] [0m[33mHugeTLB: [0m28 KiB vmemmap can be freed for a 2.00 MiB page
[32m[    0.586017] [0m[33mfbcon: [0mTaking over console
[32m[    0.586055] [0m[33mACPI: [0mAdded _OSI(Module Device)
[32m[    0.586057] [0m[33mACPI: [0mAdded _OSI(Processor Device)
[32m[    0.586059] [0m[33mACPI: [0mAdded _OSI(3.0 _SCP Extensions)
[32m[    0.586061] [0m[33mACPI: [0mAdded _OSI(Processor Aggregator Device)
[32m[    0.588282] [0m[33mACPI: [0m2 ACPI AML tables successfully acquired and loaded
[32m[    0.589135] [0m[33mACPI: [0m_OSC evaluation for CPUs failed, trying _PDC
[32m[    0.589432] [0m[33mACPI: [0mInterpreter enabled
[32m[    0.589459] [0m[33mACPI: [0mPM: (supports S0 S5)
[32m[    0.589463] [0m[33mACPI: [0mUsing IOAPIC for interrupt routing
[32m[    0.589771] [0m[33mPCI: [0mUsing host bridge windows from ACPI; if necessary, use "pci=nocrs" and report a bug
[32m[    0.589778] [0m[33mPCI: [0mUsing E820 reservations for host bridge windows
[32m[    0.590044] [0m[33mACPI: [0mEnabled 3 GPEs in block 00 to 0F
[32m[    0.597996] [0m[33mACPI: [0mPCI Root Bridge [PCI0] (domain 0000 [bus 00-ff])
[32m[    0.598016] [0m[33macpi PNP0A03:00: [0m_OSC: OS supports [ASPM ClockPM Segments MSI EDR HPX-Type3]
[32m[    0.598023] [0m[33macpi PNP0A03:00: [0m_OSC: not requesting OS control; OS requires [ExtendedConfig ASPM ClockPM MSI]
[32m[    0.598041] [0m[33macpi PNP0A03:00: [0m[1mfail to add MMCONFIG information, can't access extended configuration space under this bridge[0m
[32m[    0.598632] [0m[33macpiphp: [0mSlot [3] registered
[32m[    0.598686] [0m[33macpiphp: [0mSlot [8] registered
[32m[    0.598717] [0m[33macpiphp: [0mSlot [18] registered
[32m[    0.598784] [0m[33macpiphp: [0mSlot [4] registered
[32m[    0.598810] [0m[33macpiphp: [0mSlot [6] registered
[32m[    0.598838] [0m[33macpiphp: [0mSlot [7] registered
[32m[    0.598865] [0m[33macpiphp: [0mSlot [9] registered
[32m[    0.598891] [0m[33macpiphp: [0mSlot [10] registered
[32m[    0.598918] [0m[33macpiphp: [0mSlot [11] registered
[32m[    0.598952] [0m[33macpiphp: [0mSlot [12] registered
[32m[    0.598977] [0m[33macpiphp: [0mSlot [13] registered
[32m[    0.599003] [0m[33macpiphp: [0mSlot [14] registered
[32m[    0.599029] [0m[33macpiphp: [0mSlot [15] registered
[32m[    0.599055] [0m[33macpiphp: [0mSlot [16] registered
[32m[    0.599081] [0m[33macpiphp: [0mSlot [17] registered
[32m[    0.599109] [0m[33macpiphp: [0mSlot [19] registered
[32m[    0.599136] [0m[33macpiphp: [0mSlot [20] registered
[32m[    0.599161] [0m[33macpiphp: [0mSlot [21] registered
[32m[    0.599186] [0m[33macpiphp: [0mSlot [22] registered
[32m[    0.599211] [0m[33macpiphp: [0mSlot [23] registered
[32m[    0.599237] [0m[33macpiphp: [0mSlot [24] registered
[32m[    0.599263] [0m[33macpiphp: [0mSlot [25] registered
[32m[    0.599292] [0m[33macpiphp: [0mSlot [26] registered
[32m[    0.599318] [0m[33macpiphp: [0mSlot [27] registered
[32m[    0.599344] [0m[33macpiphp: [0mSlot [28] registered
[32m[    0.599369] [0m[33macpiphp: [0mSlot [29] registered
[32m[    0.599395] [0mPCI host bridge to bus 0000:00
[32m[    0.599400] [0m[33mpci_bus 0000:00: [0mroot bus resource [io  0x0000-0x0cf7 window]
[32m[    0.599404] [0m[33mpci_bus 0000:00: [0mroot bus resource [io  0x0d00-0xffff window]
[32m[    0.599406] [0m[33mpci_bus 0000:00: [0mroot bus resource [mem 0x000a0000-0x000bffff window]
[32m[    0.599408] [0m[33mpci_bus 0000:00: [0mroot bus resource [mem 0xc0000000-0xfebfffff window]
[32m[    0.599411] [0m[33mpci_bus 0000:00: [0mroot bus resource [mem 0xc000000000-0xc0a000bfff window]
[32m[    0.599414] [0m[33mpci_bus 0000:00: [0mroot bus resource [bus 00-ff]
[32m[    0.599480] [0m[33mpci 0000:00:00.0: [0m[8086:1237] type 00 class 0x060000 conventional PCI endpoint
[32m[    0.600153] [0m[33mpci 0000:00:01.0: [0m[8086:7000] type 00 class 0x060100 conventional PCI endpoint
[32m[    0.601062] [0m[33mpci 0000:00:01.1: [0m[8086:7010] type 00 class 0x010180 conventional PCI endpoint
[32m[    0.607068] [0m[33mpci 0000:00:01.1: [0mBAR 4 [io  0xf0e0-0xf0ef]
[32m[    0.609500] [0m[33mpci 0000:00:01.1: [0mBAR 0 [io  0x01f0-0x01f7]: legacy IDE quirk
[32m[    0.609510] [0m[33mpci 0000:00:01.1: [0mBAR 1 [io  0x03f6]: legacy IDE quirk
[32m[    0.609514] [0m[33mpci 0000:00:01.1: [0mBAR 2 [io  0x0170-0x0177]: legacy IDE quirk
[32m[    0.609516] [0m[33mpci 0000:00:01.1: [0mBAR 3 [io  0x0376]: legacy IDE quirk
[32m[    0.610017] [0m[33mpci 0000:00:01.2: [0m[8086:7020] type 00 class 0x0c0300 conventional PCI endpoint
[32m[    0.615455] [0m[33mpci 0000:00:01.2: [0mBAR 4 [io  0xf0c0-0xf0df]
[32m[    0.618099] [0m[33mpci 0000:00:01.3: [0m[8086:7113] type 00 class 0x068000 conventional PCI endpoint
[32m[    0.618791] [0m[33mpci 0000:00:01.3: [0mquirk: [io  0x0600-0x063f] claimed by PIIX4 ACPI
[32m[    0.618813] [0m[33mpci 0000:00:01.3: [0mquirk: [io  0x0700-0x070f] claimed by PIIX4 SMB
[32m[    0.619144] [0m[33mpci 0000:00:02.0: [0m[1234:1111] type 00 class 0x030000 conventional PCI endpoint
[32m[    0.620489] [0m[33mpci 0000:00:02.0: [0mBAR 0 [mem 0xfd000000-0xfdffffff pref]
[32m[    0.625170] [0m[33mpci 0000:00:02.0: [0mBAR 2 [mem 0xfea50000-0xfea50fff]
[32m[    0.633121] [0m[33mpci 0000:00:02.0: [0mROM [mem 0xfea40000-0xfea4ffff pref]
[32m[    0.633257] [0m[33mpci 0000:00:02.0: [0mVideo device with shadowed ROM at [mem 0x000c0000-0x000dffff]
[32m[    0.633894] [0m[33mpci 0000:00:03.0: [0m[1af4:1002] type 00 class 0x00ff00 conventional PCI endpoint
[32m[    0.635454] [0m[33mpci 0000:00:03.0: [0mBAR 0 [io  0xf000-0xf03f]
[32m[    0.637460] [0m[33mpci 0000:00:03.0: [0mBAR 1 [mem 0xfea51000-0xfea51fff]
[32m[    0.643460] [0m[33mpci 0000:00:03.0: [0mBAR 4 [mem 0xc0a0000000-0xc0a0003fff 64bit pref]
[32m[    0.647551] [0m[33mpci 0000:00:05.0: [0m[1b36:0001] type 01 class 0x060400 conventional PCI bridge
[32m[    0.649460] [0m[33mpci 0000:00:05.0: [0mBAR 0 [mem 0xc000000000-0xc0000000ff 64bit]
[32m[    0.651468] [0m[33mpci 0000:00:05.0: [0mPCI bridge to [bus 01]
[32m[    0.651516] [0m[33mpci 0000:00:05.0: [0m  bridge window [io  0xe000-0xefff]
[32m[    0.651546] [0m[33mpci 0000:00:05.0: [0m  bridge window [mem 0xfe800000-0xfe9fffff]
[32m[    0.654506] [0m[33mpci 0000:00:05.0: [0m  bridge window [mem 0xc080000000-0xc09fffffff 64bit pref]
[32m[    0.657039] [0m[33mpci 0000:00:08.0: [0m[1af4:1003] type 00 class 0x078000 conventional PCI endpoint
[32m[    0.658453] [0m[33mpci 0000:00:08.0: [0mBAR 0 [io  0xf040-0xf07f]
[32m[    0.660453] [0m[33mpci 0000:00:08.0: [0mBAR 1 [mem 0xfea52000-0xfea52fff]
[32m[    0.667459] [0m[33mpci 0000:00:08.0: [0mBAR 4 [mem 0xc0a0004000-0xc0a0007fff 64bit pref]
[32m[    0.675527] [0m[33mpci 0000:00:12.0: [0m[1af4:1000] type 00 class 0x020000 conventional PCI endpoint
[32m[    0.677453] [0m[33mpci 0000:00:12.0: [0mBAR 0 [io  0xf080-0xf0bf]
[32m[    0.679454] [0m[33mpci 0000:00:12.0: [0mBAR 1 [mem 0xfea53000-0xfea53fff]
[32m[    0.686462] [0m[33mpci 0000:00:12.0: [0mBAR 4 [mem 0xc0a0008000-0xc0a000bfff 64bit pref]
[32m[    0.688454] [0m[33mpci 0000:00:12.0: [0mROM [mem 0xfea00000-0xfea3ffff pref]
[32m[    0.696308] [0m[33mpci 0000:00:1e.0: [0m[1b36:0001] type 01 class 0x060400 conventional PCI bridge
[32m[    0.698456] [0m[33mpci 0000:00:1e.0: [0mBAR 0 [mem 0xc000001000-0xc0000010ff 64bit]
[32m[    0.700469] [0m[33mpci 0000:00:1e.0: [0mPCI bridge to [bus 02]
[32m[    0.700515] [0m[33mpci 0000:00:1e.0: [0m  bridge window [io  0xd000-0xdfff]
[32m[    0.700545] [0m[33mpci 0000:00:1e.0: [0m  bridge window [mem 0xfe600000-0xfe7fffff]
[32m[    0.701500] [0m[33mpci 0000:00:1e.0: [0m  bridge window [mem 0xc060000000-0xc07fffffff 64bit pref]
[32m[    0.703363] [0m[33mpci 0000:00:1f.0: [0m[1b36:0001] type 01 class 0x060400 conventional PCI bridge
[32m[    0.706458] [0m[33mpci 0000:00:1f.0: [0mBAR 0 [mem 0xc000002000-0xc0000020ff 64bit]
[32m[    0.708465] [0m[33mpci 0000:00:1f.0: [0mPCI bridge to [bus 03]
[32m[    0.708504] [0m[33mpci 0000:00:1f.0: [0m  bridge window [io  0xc000-0xcfff]
[32m[    0.708533] [0m[33mpci 0000:00:1f.0: [0m  bridge window [mem 0xfe400000-0xfe5fffff]
[32m[    0.709083] [0m[33mpci 0000:00:1f.0: [0m  bridge window [mem 0xc040000000-0xc05fffffff 64bit pref]
[32m[    0.711672] [0m[33mpci_bus 0000:01: [0mextended config space not accessible
[32m[    0.712538] [0m[33macpiphp: [0mSlot [1-2] registered
[32m[    0.712572] [0m[33macpiphp: [0mSlot [0] registered
[32m[    0.712600] [0m[33macpiphp: [0mSlot [2] registered
[32m[    0.712639] [0m[33macpiphp: [0mSlot [3-2] registered
[32m[    0.712671] [0m[33macpiphp: [0mSlot [4-2] registered
[32m[    0.712700] [0m[33macpiphp: [0mSlot [5] registered
[32m[    0.712737] [0m[33macpiphp: [0mSlot [6-2] registered
[32m[    0.712774] [0m[33macpiphp: [0mSlot [7-2] registered
[32m[    0.712803] [0m[33macpiphp: [0mSlot [8-2] registered
[32m[    0.712834] [0m[33macpiphp: [0mSlot [9-2] registered
[32m[    0.712863] [0m[33macpiphp: [0mSlot [10-2] registered
[32m[    0.712893] [0m[33macpiphp: [0mSlot [11-2] registered
[32m[    0.712922] [0m[33macpiphp: [0mSlot [12-2] registered
[32m[    0.712962] [0m[33macpiphp: [0mSlot [13-2] registered
[32m[    0.712993] [0m[33macpiphp: [0mSlot [14-2] registered
[32m[    0.713023] [0m[33macpiphp: [0mSlot [15-2] registered
[32m[    0.713051] [0m[33macpiphp: [0mSlot [16-2] registered
[32m[    0.713082] [0m[33macpiphp: [0mSlot [17-2] registered
[32m[    0.713109] [0m[33macpiphp: [0mSlot [18-2] registered
[32m[    0.713139] [0m[33macpiphp: [0mSlot [19-2] registered
[32m[    0.713168] [0m[33macpiphp: [0mSlot [20-2] registered
[32m[    0.713199] [0m[33macpiphp: [0mSlot [21-2] registered
[32m[    0.713227] [0m[33macpiphp: [0mSlot [22-2] registered
[32m[    0.713255] [0m[33macpiphp: [0mSlot [23-2] registered
[32m[    0.713284] [0m[33macpiphp: [0mSlot [24-2] registered
[32m[    0.713312] [0m[33macpiphp: [0mSlot [25-2] registered
[32m[    0.713347] [0m[33macpiphp: [0mSlot [26-2] registered
[32m[    0.713376] [0m[33macpiphp: [0mSlot [27-2] registered
[32m[    0.713406] [0m[33macpiphp: [0mSlot [28-2] registered
[32m[    0.713435] [0m[33macpiphp: [0mSlot [29-2] registered
[32m[    0.713461] [0m[33macpiphp: [0mSlot [30] registered
[32m[    0.713486] [0m[33macpiphp: [0mSlot [31] registered
[32m[    0.713908] [0m[33mpci 0000:01:01.0: [0m[1af4:1004] type 00 class 0x010000 conventional PCI endpoint
[32m[    0.715465] [0m[33mpci 0000:01:01.0: [0mBAR 0 [io  0xe000-0xe03f]
[32m[    0.717455] [0m[33mpci 0000:01:01.0: [0mBAR 1 [mem 0xfe800000-0xfe800fff]
[32m[    0.725460] [0m[33mpci 0000:01:01.0: [0mBAR 4 [mem 0xc080000000-0xc080003fff 64bit pref]
[32m[    0.737899] [0m[33mpci 0000:00:05.0: [0mPCI bridge to [bus 01]
[32m[    0.740104] [0m[33mpci_bus 0000:02: [0mextended config space not accessible
[32m[    0.740681] [0m[33macpiphp: [0mSlot [0-2] registered
[32m[    0.740725] [0m[33macpiphp: [0mSlot [1-3] registered
[32m[    0.740758] [0m[33macpiphp: [0mSlot [2-2] registered
[32m[    0.740792] [0m[33macpiphp: [0mSlot [3-3] registered
[32m[    0.740822] [0m[33macpiphp: [0mSlot [4-3] registered
[32m[    0.740852] [0m[33macpiphp: [0mSlot [5-2] registered
[32m[    0.740882] [0m[33macpiphp: [0mSlot [6-3] registered
[32m[    0.740917] [0m[33macpiphp: [0mSlot [7-3] registered
[32m[    0.740961] [0m[33macpiphp: [0mSlot [8-3] registered
[32m[    0.740991] [0m[33macpiphp: [0mSlot [9-3] registered
[32m[    0.741024] [0m[33macpiphp: [0mSlot [10-3] registered
[32m[    0.741075] [0m[33macpiphp: [0mSlot [11-3] registered
[32m[    0.741107] [0m[33macpiphp: [0mSlot [12-3] registered
[32m[    0.741141] [0m[33macpiphp: [0mSlot [13-3] registered
[32m[    0.741182] [0m[33macpiphp: [0mSlot [14-3] registered
[32m[    0.741214] [0m[33macpiphp: [0mSlot [15-3] registered
[32m[    0.741250] [0m[33macpiphp: [0mSlot [16-3] registered
[32m[    0.741282] [0m[33macpiphp: [0mSlot [17-3] registered
[32m[    0.741314] [0m[33macpiphp: [0mSlot [18-3] registered
[32m[    0.741348] [0m[33macpiphp: [0mSlot [19-3] registered
[32m[    0.741379] [0m[33macpiphp: [0mSlot [20-3] registered
[32m[    0.741418] [0m[33macpiphp: [0mSlot [21-3] registered
[32m[    0.741471] [0m[33macpiphp: [0mSlot [22-3] registered
[32m[    0.741504] [0m[33macpiphp: [0mSlot [23-3] registered
[32m[    0.741536] [0m[33macpiphp: [0mSlot [24-3] registered
[32m[    0.741570] [0m[33macpiphp: [0mSlot [25-3] registered
[32m[    0.741605] [0m[33macpiphp: [0mSlot [26-3] registered
[32m[    0.741646] [0m[33macpiphp: [0mSlot [27-3] registered
[32m[    0.741684] [0m[33macpiphp: [0mSlot [28-3] registered
[32m[    0.741721] [0m[33macpiphp: [0mSlot [29-3] registered
[32m[    0.741757] [0m[33macpiphp: [0mSlot [30-2] registered
[32m[    0.741791] [0m[33macpiphp: [0mSlot [31-2] registered
[32m[    0.754263] [0m[33mpci 0000:00:1e.0: [0mPCI bridge to [bus 02]
[32m[    0.756169] [0m[33mpci_bus 0000:03: [0mextended config space not accessible
[32m[    0.756699] [0m[33macpiphp: [0mSlot [0-3] registered
[32m[    0.756741] [0m[33macpiphp: [0mSlot [1-4] registered
[32m[    0.756772] [0m[33macpiphp: [0mSlot [2-3] registered
[32m[    0.756802] [0m[33macpiphp: [0mSlot [3-4] registered
[32m[    0.756832] [0m[33macpiphp: [0mSlot [4-4] registered
[32m[    0.756860] [0m[33macpiphp: [0mSlot [5-3] registered
[32m[    0.756888] [0m[33macpiphp: [0mSlot [6-4] registered
[32m[    0.756917] [0m[33macpiphp: [0mSlot [7-4] registered
[32m[    0.756968] [0m[33macpiphp: [0mSlot [8-4] registered
[32m[    0.756997] [0m[33macpiphp: [0mSlot [9-4] registered
[32m[    0.757044] [0m[33macpiphp: [0mSlot [10-4] registered
[32m[    0.757072] [0m[33macpiphp: [0mSlot [11-4] registered
[32m[    0.757099] [0m[33macpiphp: [0mSlot [12-4] registered
[32m[    0.757128] [0m[33macpiphp: [0mSlot [13-4] registered
