root@eltex-practice2-pg2-v2:~# git config --global user.name "Dkislitsyna"
root@eltex-practice2-pg2-v2:~# git config --global user.email "doshiiiik@icloud.com"
root@eltex-practice2-pg2-v2:~# git config --global init.defaultBranch main

root@eltex-practice2-pg2-v2:~# apt update
Get:1 http://security.ubuntu.com/ubuntu noble-security InRelease [126 kB]
Hit:2 http://ru.archive.ubuntu.com/ubuntu noble InRelease
Get:3 http://ru.archive.ubuntu.com/ubuntu noble-updates InRelease [126 kB]
Get:4 http://ru.archive.ubuntu.com/ubuntu noble-backports InRelease [126 kB]
Get:5 http://security.ubuntu.com/ubuntu noble-security/main amd64 Packages [1,540 kB]
Get:6 http://ru.archive.ubuntu.com/ubuntu noble-updates/main amd64 Packages [1,837 kB]
Get:7 http://ru.archive.ubuntu.com/ubuntu noble-updates/main amd64 Components [178 kB]
Get:8 http://ru.archive.ubuntu.com/ubuntu noble-updates/restricted amd64 Components [212 B]
Get:9 http://ru.archive.ubuntu.com/ubuntu noble-updates/universe amd64 Packages [1,566 kB]
Get:10 http://ru.archive.ubuntu.com/ubuntu noble-updates/universe amd64 Components [386 kB]
Get:11 http://ru.archive.ubuntu.com/ubuntu noble-updates/multiverse amd64 Components [940 B]
Get:12 http://ru.archive.ubuntu.com/ubuntu noble-backports/main amd64 Components [7,364 B]
Get:13 http://ru.archive.ubuntu.com/ubuntu noble-backports/restricted amd64 Components [216 B]
Get:14 http://ru.archive.ubuntu.com/ubuntu noble-backports/universe amd64 Components [13.1 kB]
Get:15 http://ru.archive.ubuntu.com/ubuntu noble-backports/multiverse amd64 Components [212 B]
Get:16 http://security.ubuntu.com/ubuntu noble-security/main Translation-en [246 kB]
Get:17 http://security.ubuntu.com/ubuntu noble-security/main amd64 Components [21.5 kB]
Get:18 http://security.ubuntu.com/ubuntu noble-security/main amd64 c-n-f Metadata [10.6 kB]
Get:19 http://security.ubuntu.com/ubuntu noble-security/restricted amd64 Packages [2,683 kB]
Get:20 http://security.ubuntu.com/ubuntu noble-security/restricted Translation-en [623 kB]
Get:21 http://security.ubuntu.com/ubuntu noble-security/restricted amd64 Components [212 B]
Get:22 http://security.ubuntu.com/ubuntu noble-security/universe amd64 Packages [976 kB]
Get:23 http://security.ubuntu.com/ubuntu noble-security/universe amd64 Components [74.2 kB]
Get:24 http://security.ubuntu.com/ubuntu noble-security/universe amd64 c-n-f Metadata [20.8 kB]
Get:25 http://security.ubuntu.com/ubuntu noble-security/multiverse amd64 Components [212 B]
Fetched 10.6 MB in 2s (5,246 kB/s)

Reading package lists... Done
Building dependency tree... Done
Reading state information... Done
93 packages can be upgraded. Run 'apt list --upgradable' to see them.

root@eltex-practice2-pg2-v2:~# apt install git gh -y
Reading package lists... Done
Building dependency tree... Done
Reading state information... Done
git is already the newest version (1:2.43.0-1ubuntu7.3).
git set to manually installed.
The following NEW packages will be installed:
  gh
0 upgraded, 1 newly installed, 0 to remove and 93 not upgraded.
Need to get 8,836 kB of archives.
After this operation, 45.4 MB of additional disk space will be used.
Get:1 http://ru.archive.ubuntu.com/ubuntu noble-updates/universe amd64 gh amd64 2.45.0-1ubuntu0.3 [8,836 kB]
Fetched 8,836 kB in 1s (11.8 MB/s)

Selecting previously unselected package gh.
(Reading database ... 125221 files and directories currently installed.)
Preparing to unpack .../gh_2.45.0-1ubuntu0.3_amd64.deb ...
Unpacking gh (2.45.0-1ubuntu0.3) ...
Setting up gh (2.45.0-1ubuntu0.3) ...
Processing triggers for man-db (2.12.0-4build2) ...

Pending kernel upgrade!
Running kernel version:
  6.8.0-55-generic
Diagnostics:
  The currently running kernel version is not the expected kernel version 6.8.0-106-generic.

Restarting the system to load the new kernel will not be handled automatically,
so you should consider rebooting.

Restarting services...

Service restarts being deferred:
 /etc/needrestart/restart.d/dbus.service
 systemctl restart getty@tty1.service
 systemctl restart systemd-logind.service
 systemctl restart unattended-upgrades.service

No containers need to be restarted.
No user sessions are running outdated binaries.
No VM guests are running outdated hypervisor (qemu) binaries on this host.

root@eltex-practice2-pg2-v2:~# ssh-keygen -t ed25519 -f ~/.ssh/Dkislitsyna
Generating public/private ed25519 key pair.
Enter passphrase (empty for no passphrase):
Enter same passphrase again:
Your identification has been saved in /root/.ssh/Dkislitsyna
Your public key has been saved in /root/.ssh/Dkislitsyna.pub
The key fingerprint is:
SHA256:gphqtVsOq0utBOYzj/4b2p5MQtgS/QkOpOJNTN32Z00 root@eltex-practice2-pg2-v2
The key's randomart image is:
+--[ED25519 256]--+
| . .. .          |
|o.o  . o     E   |
|= oo  . .   o    |
|+=o= o   . o .   |
|++=o+ . S o      |
|=oo .  .         |
|.O * .           |
|+ % O            |
|.B=@..           |
+----[SHA256]-----+

root@eltex-practice2-pg2-v2:~# gh auth login
? What account do you want to log into? GitHub.com
? What is your preferred protocol for Git operations on this host? SSH
? Upload your SSH public key to your GitHub account? /root/.ssh/Dkislitsyna.pub
? Title for your SSH key: eltex-practice2-pg2-v2
? How would you like to authenticate GitHub CLI? Login with a web browser

! First copy your one-time code: 9FDD-A77A
Press Enter to open github.com in your browser...
! Failed opening a web browser at https://github.com/login/device
  exec: "xdg-open,x-www-browser,www-browser,wslview": executable file not found in $PATH
  Please try entering the URL in your browser manually

✓ Authentication complete.
- gh config set -h github.com git_protocol ssh
✓ Configured git protocol
! Authentication credentials saved in plain text
✓ Uploaded the SSH key to your GitHub account: /root/.ssh/Dkislitsyna.pub
✓ Logged in as Dkislitsyna

root@eltex-practice2-pg2-v2:~# gh auth status
github.com
  ✓ Logged in to github.com account Dkislitsyna (/root/.config/gh/hosts.yml)
  - Active account: true
  - Git operations protocol: ssh
  - Token: gho_************************************
  - Token scopes: 'admin:public_key', 'gist', 'read:org', 'repo'

root@eltex-practice2-pg2-v2:~# gh auth setup-git --hostname github.com
github.com
  ✓ Logged in to github.com account Dkislitsyna (/root/.config/gh/hosts.yml)
  - Active account: true
  - Git operations protocol: ssh
  - Token: gho_************************************
  - Token scopes: 'admin:public_key', 'gist', 'read:org', 'repo'

root@eltex-practice2-pg2-v2:~# gh repo create --public eltex
✓ Created repository Dkislitsyna/eltex on GitHub
  https://github.com/Dkislitsyna/eltex

root@eltex-practice2-pg2-v2:~# mkdir ~/eltex && cd ~/eltex
root@eltex-practice2-pg2-v2:~/eltex# echo "eltex practice repository" >> README.md
root@eltex-practice2-pg2-v2:~/eltex# git init
Initialized empty Git repository in /root/eltex/.git/

root@eltex-practice2-pg2-v2:~/eltex# git add README.md
root@eltex-practice2-pg2-v2:~/eltex# git commit -m "first commit"
[main (root-commit) 4ecfebb] first commit
 1 file changed, 1 insertion(+)
 create mode 100644 README.md

root@eltex-practice2-pg2-v2:~/eltex# git branch -M main
root@eltex-practice2-pg2-v2:~/eltex# git remote add origin git@github.com:Dkislitsyna/eltex.git
root@eltex-practice2-pg2-v2:~/eltex# git status
On branch main
nothing to commit, working tree clean

root@eltex-practice2-pg2-v2:~/eltex# git push -u origin main
The authenticity of host 'github.com (140.82.121.4)' can't be established.
ED25519 key fingerprint is SHA256:+DiY3wvvV6TuJJhbpZisF/zLDA0zPMSvHdkr4UvCOqU.
This key is not known by any other names.
Are you sure you want to continue connecting (yes/no/[fingerprint])?
Host key verification failed.

fatal: Could not read from remote repository.

Please make sure you have the correct access rights
and the repository exists.

root@eltex-practice2-pg2-v2:~/eltex# git push -u origin main
The authenticity of host 'github.com (140.82.121.4)' can't be established.
ED25519 key fingerprint is SHA256:+DiY3wvvV6TuJJhbpZisF/zLDA0zPMSvHdkr4UvCOqU.
This key is not known by any other names.
Are you sure you want to continue connecting (yes/no/[fingerprint])? yes
Warning: Permanently added 'github.com' (ED25519) to the list of known hosts.

git@github.com: Permission denied (publickey).
fatal: Could not read from remote repository.

Please make sure you have the correct access rights
and the repository exists.

root@eltex-practice2-pg2-v2:~/eltex# eval "$(ssh-agent -s)" && ssh-add ~/.ssh/Dkislitsyna
Agent pid 62502
Identity added: /root/.ssh/Dkislitsyna (root@eltex-practice2-pg2-v2)

root@eltex-practice2-pg2-v2:~/eltex# git push -u origin main
Enumerating objects: 3, done.
Counting objects: 33% (1/3)
Counting objects: 66% (2/3)
Counting objects: 100% (3/3)
Counting objects: 100% (3/3), done.
Writing objects: 33% (1/3)
Writing objects: 66% (2/3)
Writing objects: 100% (3/3)
Writing objects: 100% (3/3), 242 bytes | 242.00 KiB/s, done.
Total 3 (delta 0), reused 0 (delta 0), pack-reused 0
To github.com:Dkislitsyna/eltex.git
 * [new branch]      main -> main
branch 'main' set up to track 'origin/main'.

root@eltex-practice2-pg2-v2:~/eltex# ssh-add -l
256 SHA256:gphqtVsOq0utBOYzj/4b2p5MQtgS/QkOpOJNTN32Z00 root@eltex-practice2-pg2-v2 (ED25519)

root@eltex-practice2-pg2-v2:~/eltex# mkdir -p module1/task1
root@eltex-practice2-pg2-v2:~/eltex# mkdir module1/task2
root@eltex-practice2-pg2-v2:~/eltex# mkdir module1/task3

root@eltex-practice2-pg2-v2:~# scp eltex-pg2-v2@172.16.8.4:~/report_part1.txt ~/eltex/module1/task1/
The authenticity of host '172.16.8.4 (172.16.8.4)' can't be established.
ED25519 key fingerprint is SHA256:9EeAnPIp/wDj41XS55iG0Eff5a90ZLW9TTAI37NiBb0.
This key is not known by any other names.
Are you sure you want to continue connecting (yes/no/[fingerprint])? yes
Warning: Permanently added '172.16.8.4' (ED25519) to the list of known hosts.
eltex-pg2-v2@172.16.8.4's password:
report_part1.txt                              100% 124   199.9KB/s   00:00

root@eltex-practice2-pg2-v2:~# scp eltex-pg2-v2@172.16.8.4:~/eltex-pg2-v2_part.log ~/eltex/module1/task2/
eltex-pg2-v2@172.16.8.4's password:
eltex-pg2-v2_part.log                         100% 85KB  40.6MB/s   00:00

root@eltex-practice2-pg2-v2:~# scp eltex-pg2-v2@172.16.8.4:~/eltex-pg2-v2_part3.log ~/eltex/module1/task3/
eltex-pg2-v2@172.16.8.4's password:
eltex-pg2-v2_part3.log                        100% 382   27.0KB/s   00:00

root@eltex-practice2-pg2-v2:~# scp eltex-pg2-v2@172.16.8.4:~/eltex-pg2-v2_part3_gt50M.log ~/eltex/module1/task3/
eltex-pg2-v2@172.16.8.4's password:
eltex-pg2-v2_part3_gt50M.log                  100% 598   449.0KB/s   00:00

root@eltex-practice2-pg2-v2:~# ls /eltex/module1/task1/
report_part1.txt

root@eltex-practice2-pg2-v2:~# ls eltex/module1/task2
eltex-pg2-v2_part.log

root@eltex-practice2-pg2-v2:~# ls eltex/module1/task3
eltex-pg2-v2_part3_gt50M.log  eltex-pg2-v2_part3.log

root@eltex-practice2-pg2-v2:~# cd eltex/
root@eltex-practice2-pg2-v2:~/eltex# git add .
root@eltex-practice2-pg2-v2:~/eltex# git status
On branch main
Your branch is up to date with 'origin/main'.

Changes to be committed:
  (use "git restore --staged <file>..." to unstage)
        new file:   module1/task1/report_part1.txt
        new file:   module1/task2/eltex-pg2-v2_part.log
        new file:   module1/task3/eltex-pg2-v2_part3.log
        new file:   module1/task3/eltex-pg2-v2_part3_gt50M.log

root@eltex-practice2-pg2-v2:~/eltex# git commit -m "practice1 files"
[main 84862fd] practice1 files
 4 files changed, 920 insertions(+)
 create mode 100644 module1/task1/report_part1.txt
 create mode 100644 module1/task2/eltex-pg2-v2_part.log
 create mode 100644 module1/task3/eltex-pg2-v2_part3.log
 create mode 100644 module1/task3/eltex-pg2-v2_part3_gt50M.log

root@eltex-practice2-pg2-v2:~/eltex# git push
git@github.com: Permission denied (publickey).
fatal: Could not read from remote repository.

Please make sure you have the correct access rights
and the repository exists.

root@eltex-practice2-pg2-v2:~/eltex# nano ~/.ssh/config

root@eltex-practice2-pg2-v2:~/eltex# mkdir module2/task3
root@eltex-practice2-pg2-v2:~/eltex# git add .
root@eltex-practice2-pg2-v2:~/eltex# git status
On branch main
Your branch is up to date with 'origin/main'.

nothing to commit, working tree clean

root@eltex-practice2-pg2-v2:~/eltex# ls ~/
eltex
eltex_clone
etc_backup
etc_backup_7zip
etc_backup_gzip
etc_backup.tar.bz2
etc_backup.tar.gz
etc_backup.tar.xz
practice2_root_part1.log
practice2_root_part2.log
practice2_root_part3.log

root@eltex-practice2-pg2-v2:~/eltex# mv ~/practice2_root_part1.log module2/task1/
root@eltex-practice2-pg2-v2:~/eltex# mv ~/practice2_root_part1.log module2/task1/
mv: cannot stat '/root/practice2_root_part1.log': No such file or directory

root@eltex-practice2-pg2-v2:~/eltex# ls module2/task1
practice2_root_part1.log

root@eltex-practice2-pg2-v2:~/eltex# ls module2/task2

root@eltex-practice2-pg2-v2:~/eltex# mv ~/practice2_root_part2.log module2/task2/
root@eltex-practice2-pg2-v2:~/eltex# ls
practice2_root_part2.log

root@eltex-practice2-pg2-v2:~/eltex# git add .
root@eltex-practice2-pg2-v2:~/eltex# git status
On branch main
Your branch is up to date with 'origin/main'.

Changes to be committed:
  (use "git restore --staged <file>..." to unstage)
        new file:   module2/task1/practice2_root_part1.log
        new file:   module2/task2/practice2_root_part2.log

root@eltex-practice2-pg2-v2:~/eltex# git commit -m "add practice2 part1 and part2"
[main a896c52] add practice2 part1 and part2
 2 files changed, 26555 insertions(+)
 create mode 100644 module2/task1/practice2_root_part1.log
 create mode 100644 module2/task2/practice2_root_part2.log

root@eltex-practice2-pg2-v2:~/eltex# git push
Enumerating objects: 8, done.
Counting objects: 100% (8/8), done.
Delta compression using up to 2 threads
Compressing objects: 100% (7/7), done.
Writing objects: 100% (7/7), 226.58 KiB | 1.19 MiB/s, done.
Total 7 (delta 0), reused 0 (delta 0), pack-reused 0
To github.com:Dkislitsyna/eltex.git
   84862fd..a896c52  main -> main

root@eltex-practice2-pg2-v2:~/eltex# cd ~/eltex_clone/
root@eltex-practice2-pg2-v2:~/eltex_clone# git fetch
remote: Enumerating objects: 8, done.
remote: Counting objects: 100% (8/8), done.
remote: Compressing objects: 100% (7/7), done.
remote: Total 7 (delta 0), reused 7 (delta 0), pack-reused 0
Unpacking objects: 100% (7/7), 226.56 KiB | 633.00 KiB/s, done.
From https://github.com/Dkislitsyna/eltex
   84862fd..a896c52  main       -> origin/main

root@eltex-practice2-pg2-v2:~/eltex_clone# git log origin/main --online
fatal: unrecognized argument: --online

root@eltex-practice2-pg2-v2:~/eltex_clone# git log origin/main --oneline
a896c52 (origin/main, origin/HEAD) add practice2 part1 and part2
84862fd (HEAD -> main) practice1 files
4ecfebb first commit

root@eltex-practice2-pg2-v2:~/eltex_clone# git diff main origin/main
